Archive member included to satisfy reference by file (symbol)

obj_socket_24/gnu_arcem9d_wei_r16/libembarc.a(hx_drv_iic_m.o)
                              obj_socket_24/gnu_arcem9d_wei_r16//./src/joystick.o (hx_drv_i2cm_read_data)
obj_socket_24/gnu_arcem9d_wei_r16/libembarc.a(hx_drv_timer.o)
                              obj_socket_24/gnu_arcem9d_wei_r16//./src/main.o (board_delay_ms)
obj_socket_24/gnu_arcem9d_wei_r16/libembarc.a(arc_exception.o)
                              obj_socket_24/gnu_arcem9d_wei_r16/libembarc.a(hx_drv_timer.o) (int_disable)
obj_socket_24/gnu_arcem9d_wei_r16/libembarc.a(arc_timer.o)
                              obj_socket_24/gnu_arcem9d_wei_r16/libembarc.a(hx_drv_timer.o) (timer_present)
obj_socket_24/gnu_arcem9d_wei_r16/libembarc.a(arc_exc_asm.o)
                              obj_socket_24/gnu_arcem9d_wei_r16/libembarc.a(arc_exception.o) (exc_entry_cpu)
obj_socket_24/gnu_arcem9d_wei_r16/libembarc.a(arc_startup.o)
                              obj_socket_24/gnu_arcem9d_wei_r16/libembarc.a(arc_exception.o) (_arc_reset)
obj_socket_24/gnu_arcem9d_wei_r16/libembarc.a(xprintf.o)
                              obj_socket_24/gnu_arcem9d_wei_r16/libembarc.a(hx_drv_timer.o) (xprintf)
obj_socket_24/gnu_arcem9d_wei_r16/libembarc.a(ss_i2c_master.o)
                              obj_socket_24/gnu_arcem9d_wei_r16/libembarc.a(hx_drv_iic_m.o) (ss_iic_master_close)
obj_socket_24/gnu_arcem9d_wei_r16/libembarc.a(i2c_master.o)
                              obj_socket_24/gnu_arcem9d_wei_r16/libembarc.a(ss_i2c_master.o) (io_i2c_master_open)
obj_socket_24/gnu_arcem9d_wei_r16/libembarc.a(board.o)
                              obj_socket_24/gnu_arcem9d_wei_r16/libembarc.a(arc_startup.o) (board_main)
obj_socket_24/gnu_arcem9d_wei_r16/libembarc.a(arc_udma.o)
                              obj_socket_24/gnu_arcem9d_wei_r16/libembarc.a(i2c_master.o) (dmac_register_callback)
obj_socket_24/gnu_arcem9d_wei_r16/libembarc.a(arc_dmac.o)
                              obj_socket_24/gnu_arcem9d_wei_r16/libembarc.a(i2c_master.o) (_dma_int_clear)
obj_socket_24/gnu_arcem9d_wei_r16/libembarc.a(arc_cxx_support.o)
                              obj_socket_24/gnu_arcem9d_wei_r16/libembarc.a(arc_startup.o) (__do_global_ctors_aux)
obj_socket_24/gnu_arcem9d_wei_r16/libembarc.a(console_io.o)
                              obj_socket_24/gnu_arcem9d_wei_r16/libembarc.a(board.o) (xprintf_setup)
obj_socket_24/gnu_arcem9d_wei_r16/libembarc.a(event.o)
                              obj_socket_24/gnu_arcem9d_wei_r16/libembarc.a(board.o) (infra_evts_init)
obj_socket_24/gnu_arcem9d_wei_r16/libembarc.a(hx_drv_uart.o)
                              obj_socket_24/gnu_arcem9d_wei_r16/libembarc.a(console_io.o) (hx_drv_uart_deinit)
obj_socket_24/gnu_arcem9d_wei_r16/libembarc.a(socket_init.o)
                              obj_socket_24/gnu_arcem9d_wei_r16/libembarc.a(board.o) (board_init)
obj_socket_24/gnu_arcem9d_wei_r16/libembarc.a(embARC_misc.o)
                              obj_socket_24/gnu_arcem9d_wei_r16/libembarc.a(console_io.o) (gnu_printf_setup)
obj_socket_24/gnu_arcem9d_wei_r16/libembarc.a(i2c_comm.o)
                              obj_socket_24/gnu_arcem9d_wei_r16/libembarc.a(socket_init.o) (hx_lib_i2ccomm_open)
obj_socket_24/gnu_arcem9d_wei_r16/libembarc.a(ccitt_crc16.o)
                              obj_socket_24/gnu_arcem9d_wei_r16/libembarc.a(i2c_comm.o) (crc16_ccitt)
obj_socket_24/gnu_arcem9d_wei_r16/libembarc.a(powermode.o)
                              obj_socket_24/gnu_arcem9d_wei_r16/libembarc.a(socket_init.o) (hx_lib_pm_init)
obj_socket_24/gnu_arcem9d_wei_r16/libembarc.a(sensor_dp_lib.o)
                              obj_socket_24/gnu_arcem9d_wei_r16/libembarc.a(powermode.o) (sensordplib_get_cur_dp_path)
obj_socket_24/gnu_arcem9d_wei_r16/libembarc.a(sensor_dp_hw5x5_jpeg.o)
                              obj_socket_24/gnu_arcem9d_wei_r16/libembarc.a(sensor_dp_lib.o) (setup_dp_hw5x5_jpeg_wdma2)
obj_socket_24/gnu_arcem9d_wei_r16/libembarc.a(sensor_dp_tpg_jpeg.o)
                              obj_socket_24/gnu_arcem9d_wei_r16/libembarc.a(sensor_dp_lib.o) (setup_sensordp_tpg_jpegenc_wdma2)
obj_socket_24/gnu_arcem9d_wei_r16/libembarc.a(hx_drv_hw2x2.o)
                              obj_socket_24/gnu_arcem9d_wei_r16/libembarc.a(socket_init.o) (hx_drv_hw2x2_init)
obj_socket_24/gnu_arcem9d_wei_r16/libembarc.a(hx_drv_hw5x5.o)
                              obj_socket_24/gnu_arcem9d_wei_r16/libembarc.a(socket_init.o) (hx_drv_hw5x5_init)
obj_socket_24/gnu_arcem9d_wei_r16/libembarc.a(hx_drv_cdm.o)
                              obj_socket_24/gnu_arcem9d_wei_r16/libembarc.a(socket_init.o) (hx_drv_cdm_init)
obj_socket_24/gnu_arcem9d_wei_r16/libembarc.a(hx_drv_dp.o)
                              obj_socket_24/gnu_arcem9d_wei_r16/libembarc.a(socket_init.o) (hx_drv_dp_init)
obj_socket_24/gnu_arcem9d_wei_r16/libembarc.a(hx_drv_hog.o)
                              obj_socket_24/gnu_arcem9d_wei_r16/libembarc.a(socket_init.o) (hx_drv_hog_init)
[...]
Memory Configuration

Name             Origin             Length             Attributes
ICCM0            0x00000000         0x00010000
ICCM1            0x10000000         0x00050000
SYSTEM0          0x20020800         0x000e9af0
DCCM             0x80000000         0x00040000
XCCM             0x90000000         0x00008000
YCCM             0xa0000000         0x00008000
*default*        0x00000000         0xffffffff

Linker script and memory map

LOAD c:/arc_gnu/bin/../lib/gcc/arc-elf32/9.2.1/../../../../arc-elf32/lib/em4_fpus\libm.a

.ivt            0x10000004      0x148
 *(.init_vector)
 *(.init_bootstrap)
 .init_bootstrap
                0x10000004      0x148 obj_socket_24/gnu_arcem9d_wei_r16/libembarc.a(arc_startup.o)
                0x10000004                _arc_reset
                0x10000004                _arc_start
                0x10000138                _exit_loop
                0x10000138                _arc_exit_halt

.vector         0x10000400      0x400
                0x10000400                . = ALIGN (0x400)
 *(.vector)
 .vector        0x10000400      0x400 obj_socket_24/gnu_arcem9d_wei_r16/libembarc.a(arc_exception.o)
                0x10000400                exc_entry_table

.hash
 *(.hash)

.dynsym
 *(.dynsym)

.dynstr
 *(.dynstr)

.gnu.version
 *(.gnu.version)

.gnu.version_d
 *(.gnu.version_d)

.gnu.version_r
 *(.gnu.version_r)

.rel.init
 *(.rel.init)

.rela.init
 *(.rela.init)

.rel.text
 *(.rel.text .rel.text.* .rel.gnu.linkonce.t.*)

.rela.text
 *(.rela.text .rela.text.* .rela.gnu.linkonce.t.*)

.rel.fini
 *(.rel.fini)

.rela.fini
 *(.rela.fini)

.rel.rodata
 *(.rel.rodata .rel.rodata.* .rel.gnu.linkonce.r.*)

.rela.rodata
 *(.rela.rodata .rela.rodata.* .rela.gnu.linkonce.r.*)

.rel.data
 *(.rel.data .rel.data.* .rel.gnu.linkonce.d.*)

.rela.data
 *(.rela.data .rela.data.* .rela.gnu.linkonce.d.*)

.rel.tdata
 *(.rel.tdata .rel.tdata.* .rel.gnu.linkonce.td.*)

.rela.tdata
 *(.rela.tdata .rela.tdata.* .rela.gnu.linkonce.td.*)

.rel.tbss
 *(.rel.tbss .rel.tbss.* .rel.gnu.linkonce.tb.*)

.rela.tbss
 *(.rela.tbss .rela.tbss.* .rela.gnu.linkonce.tb.*)

.rel.ctors
 *(.rel.ctors)

.rela.ctors
 *(.rela.ctors)

.rel.dtors
 *(.rel.dtors)

.rela.dtors
 *(.rela.dtors)

.rel.got
 *(.rel.got)

.rela.got
 *(.rela.got)

.rel.sdata
 *(.rel.sdata .rel.sdata.* .rel.gnu.linkonce.s.*)

.rela.sdata
 *(.rela.sdata .rela.sdata.* .rela.gnu.linkonce.s.*)

.rel.sbss
 *(.rel.sbss .rel.sbss.* .rel.gnu.linkonce.sb.*)

.rela.sbss
 *(.rela.sbss .rela.sbss.* .rela.gnu.linkonce.sb.*)

.rel.sdata2
 *(.rel.sdata2 .rel.sdata2.* .rel.gnu.linkonce.s2.*)

.rela.sdata2
 *(.rela.sdata2 .rela.sdata2.* .rela.gnu.linkonce.s2.*)

.rel.sbss2
 *(.rel.sbss2 .rel.sbss2.* .rel.gnu.linkonce.sb2.*)

.rela.sbss2
 *(.rela.sbss2 .rela.sbss2.* .rela.gnu.linkonce.sb2.*)

.rel.bss
 *(.rel.bss .rel.bss.* .rel.gnu.linkonce.b.*)

.rela.bss
 *(.rela.bss .rela.bss.* .rela.gnu.linkonce.b.*)

.text           0x10000800    0x123dc
                0x10000800                . = ALIGN (0x4)
                0x10000800                PROVIDE (_f_text = .)
 *(TYPE bss)
 *(SORT_NONE(.init))
                0x10000800                . = ALIGN (0x4)
 *crt0.o(.text.__startup)
                0x10000800                . = ALIGN (0x4)
 *(.text .stub .text.* .gnu.linkonce.t.*)
 .text.get_joystick_state
                0x10000800       0x44 obj_socket_24/gnu_arcem9d_wei_r16//./src/joystick.o
                0x10000800                get_joystick_state
 .text.show_joystick_state
                0x10000844       0x24 obj_socket_24/gnu_arcem9d_wei_r16//./src/joystick.o
                0x10000844                show_joystick_state
 .text.startup.main
                0x10000868       0x30 obj_socket_24/gnu_arcem9d_wei_r16//./src/main.o
                0x10000868                main
 .text.dfss_iic_0_install
                0x10000898       0x48 obj_socket_24/gnu_arcem9d_wei_r16/libembarc.a(hx_drv_iic_m.o)
 .text.dfss_iic_1_install
                0x100008e0       0x48 obj_socket_24/gnu_arcem9d_wei_r16/libembarc.a(hx_drv_iic_m.o)
 .text.dfss_iic_2_install
                0x10000928       0x48 obj_socket_24/gnu_arcem9d_wei_r16/libembarc.a(hx_drv_iic_m.o)
 .text.dfss_iic_0_read
                0x10000970       0x10 obj_socket_24/gnu_arcem9d_wei_r16/libembarc.a(hx_drv_iic_m.o)
 .text.dfss_iic_1_read
                0x10000980       0x10 obj_socket_24/gnu_arcem9d_wei_r16/libembarc.a(hx_drv_iic_m.o)
 .text.dfss_iic_2_read
                0x10000990       0x10 obj_socket_24/gnu_arcem9d_wei_r16/libembarc.a(hx_drv_iic_m.o)
 .text.dfss_iic_0_write
                0x100009a0       0x10 obj_socket_24/gnu_arcem9d_wei_r16/libembarc.a(hx_drv_iic_m.o)
 .text.dfss_iic_1_write
                0x100009b0       0x10 obj_socket_24/gnu_arcem9d_wei_r16/libembarc.a(hx_drv_iic_m.o)
 .text.dfss_iic_2_write
                0x100009c0       0x10 obj_socket_24/gnu_arcem9d_wei_r16/libembarc.a(hx_drv_iic_m.o)
 .text.dfss_iic_0_control
                0x100009d0       0x10 obj_socket_24/gnu_arcem9d_wei_r16/libembarc.a(hx_drv_iic_m.o)
 .text.dfss_iic_1_control
                0x100009e0       0x10 obj_socket_24/gnu_arcem9d_wei_r16/libembarc.a(hx_drv_iic_m.o)
 .text.dfss_iic_2_control
                0x100009f0       0x10 obj_socket_24/gnu_arcem9d_wei_r16/libembarc.a(hx_drv_iic_m.o)
 .text.dfss_iic_0_close
                0x10000a00        0xc obj_socket_24/gnu_arcem9d_wei_r16/libembarc.a(hx_drv_iic_m.o)
 .text.dfss_iic_1_close
                0x10000a0c        0xc obj_socket_24/gnu_arcem9d_wei_r16/libembarc.a(hx_drv_iic_m.o)
 .text.dfss_iic_2_close
                0x10000a18        0xc obj_socket_24/gnu_arcem9d_wei_r16/libembarc.a(hx_drv_iic_m.o)
 .text.dfss_iic_0_open
                0x10000a24        0xc obj_socket_24/gnu_arcem9d_wei_r16/libembarc.a(hx_drv_iic_m.o)
 .text.dfss_iic_1_open
                0x10000a30        0xc obj_socket_24/gnu_arcem9d_wei_r16/libembarc.a(hx_drv_iic_m.o)
 .text.dfss_iic_2_open
                0x10000a3c        0xc obj_socket_24/gnu_arcem9d_wei_r16/libembarc.a(hx_drv_iic_m.o)
 .text.iic_err_cb0
                0x10000a48        0xc obj_socket_24/gnu_arcem9d_wei_r16/libembarc.a(hx_drv_iic_m.o)
 .text.iic_err_cb1
                0x10000a54        0xc obj_socket_24/gnu_arcem9d_wei_r16/libembarc.a(hx_drv_iic_m.o)
 .text.iic_err_cb2
                0x10000a60        0xc obj_socket_24/gnu_arcem9d_wei_r16/libembarc.a(hx_drv_iic_m.o)
 .text.iic_tx_cb0
                0x10000a6c        0xc obj_socket_24/gnu_arcem9d_wei_r16/libembarc.a(hx_drv_iic_m.o)
 .text.iic_tx_cb1
                0x10000a78        0xc obj_socket_24/gnu_arcem9d_wei_r16/libembarc.a(hx_drv_iic_m.o)
 .text.iic_tx_cb2
                0x10000a84        0xc obj_socket_24/gnu_arcem9d_wei_r16/libembarc.a(hx_drv_iic_m.o)
 .text.iic_rx_cb0
                0x10000a90        0xc obj_socket_24/gnu_arcem9d_wei_r16/libembarc.a(hx_drv_iic_m.o)
 .text.iic_rx_cb1
                0x10000a9c        0xc obj_socket_24/gnu_arcem9d_wei_r16/libembarc.a(hx_drv_iic_m.o)
 .text.iic_rx_cb2
                0x10000aa8        0xc obj_socket_24/gnu_arcem9d_wei_r16/libembarc.a(hx_drv_iic_m.o)
 .text.hx_drv_i2cm_init
                0x10000ab4       0xe4 obj_socket_24/gnu_arcem9d_wei_r16/libembarc.a(hx_drv_iic_m.o)
                0x10000ab4                hx_drv_i2cm_init
 .text.hx_drv_i2cm_read_data
                0x10000b98       0x58 obj_socket_24/gnu_arcem9d_wei_r16/libembarc.a(hx_drv_iic_m.o)
                0x10000b98                hx_drv_i2cm_read_data
 .text.std_timer_isr
                0x10000bf0       0x18 obj_socket_24/gnu_arcem9d_wei_r16/libembarc.a(hx_drv_timer.o)
 .text.sys_timer_isr
                0x10000c08       0x60 obj_socket_24/gnu_arcem9d_wei_r16/libembarc.a(hx_drv_timer.o)
 .text.hx_drv_timer_init
                0x10000c68       0x50 obj_socket_24/gnu_arcem9d_wei_r16/libembarc.a(hx_drv_timer.o)
                0x10000c68                hx_drv_timer_init
 .text.board_delay_ms
                0x10000cb8       0x3c obj_socket_24/gnu_arcem9d_wei_r16/libembarc.a(hx_drv_timer.o)
                0x10000cb8                board_delay_ms
 .text.arc_int_ipm_set
                0x10000cf4       0x24 obj_socket_24/gnu_arcem9d_wei_r16/libembarc.a(arc_exception.o)
 .text.int_handler_default
                0x10000d18       0x28 obj_socket_24/gnu_arcem9d_wei_r16/libembarc.a(arc_exception.o)
 .text.exc_handler_default
                0x10000d40       0x34 obj_socket_24/gnu_arcem9d_wei_r16/libembarc.a(arc_exception.o)
 .text.exc_int_init
                0x10000d74       0x4c obj_socket_24/gnu_arcem9d_wei_r16/libembarc.a(arc_exception.o)
                0x10000d74                exc_int_init
 .text.exc_handler_install
                0x10000dc0       0x1c obj_socket_24/gnu_arcem9d_wei_r16/libembarc.a(arc_exception.o)
                0x10000dc0                exc_handler_install
 .text.int_disable
                0x10000ddc       0x34 obj_socket_24/gnu_arcem9d_wei_r16/libembarc.a(arc_exception.o)
                0x10000ddc                int_disable
 .text.int_enable
                0x10000e10       0x34 obj_socket_24/gnu_arcem9d_wei_r16/libembarc.a(arc_exception.o)
                0x10000e10                int_enable
 .text.int_pri_set
                0x10000e44       0x38 obj_socket_24/gnu_arcem9d_wei_r16/libembarc.a(arc_exception.o)
                0x10000e44                int_pri_set
 .text.int_level_config
                0x10000e7c       0x24 obj_socket_24/gnu_arcem9d_wei_r16/libembarc.a(arc_exception.o)
                0x10000e7c                int_level_config
 .text.int_handler_install
                0x10000ea0        0xc obj_socket_24/gnu_arcem9d_wei_r16/libembarc.a(arc_exception.o)
                0x10000ea0                int_handler_install
 .text.timer_present
                0x10000eac       0x28 obj_socket_24/gnu_arcem9d_wei_r16/libembarc.a(arc_timer.o)
                0x10000eac                timer_present
 .text.timer_start
                0x10000ed4       0x6c obj_socket_24/gnu_arcem9d_wei_r16/libembarc.a(arc_timer.o)
                0x10000ed4                timer_start
 .text.timer_stop
                0x10000f40       0x68 obj_socket_24/gnu_arcem9d_wei_r16/libembarc.a(arc_timer.o)
                0x10000f40                timer_stop
 .text.timer_int_clear
                0x10000fa8       0x30 obj_socket_24/gnu_arcem9d_wei_r16/libembarc.a(arc_timer.o)
                0x10000fa8                timer_int_clear
 .text.timer_init
                0x10000fd8       0x30 obj_socket_24/gnu_arcem9d_wei_r16/libembarc.a(arc_timer.o)
                0x10000fd8                timer_init
 .text          0x10001008      0x358 obj_socket_24/gnu_arcem9d_wei_r16/libembarc.a(arc_exc_asm.o)
                0x10001008                exc_entry_cpu
                0x10001178                exc_entry_int
                0x10001224                exc_entry_firq
 .text.xputc    0x10001360       0x30 obj_socket_24/gnu_arcem9d_wei_r16/libembarc.a(xprintf.o)
                0x10001360                xputc
 .text.xputs    0x10001390       0x14 obj_socket_24/gnu_arcem9d_wei_r16/libembarc.a(xprintf.o)
                0x10001390                xputs
 .text.xvprintf
                0x100013a4      0x1c8 obj_socket_24/gnu_arcem9d_wei_r16/libembarc.a(xprintf.o)
                0x100013a4                xvprintf
 .text.xprintf  0x1000156c       0x28 obj_socket_24/gnu_arcem9d_wei_r16/libembarc.a(xprintf.o)
                0x1000156c                xprintf
 .text.ss_iic_mask_interrupt
                0x10001594       0x14 obj_socket_24/gnu_arcem9d_wei_r16/libembarc.a(ss_i2c_master.o)
 .text.ss_iic_master_close
                0x100015a8       0x3c obj_socket_24/gnu_arcem9d_wei_r16/libembarc.a(ss_i2c_master.o)
                0x100015a8                ss_iic_master_close
 .text.ss_iic_master_control
                0x100015e4      0x274 obj_socket_24/gnu_arcem9d_wei_r16/libembarc.a(ss_i2c_master.o)
                0x100015e4                ss_iic_master_control
 .text.ss_iic_master_open
                0x10001858      0x13c obj_socket_24/gnu_arcem9d_wei_r16/libembarc.a(ss_i2c_master.o)
                0x10001858                ss_iic_master_open
 .text.ss_iic_master_write
                0x10001994       0x68 obj_socket_24/gnu_arcem9d_wei_r16/libembarc.a(ss_i2c_master.o)
                0x10001994                ss_iic_master_write
 .text.ss_iic_master_read
                0x100019fc       0x68 obj_socket_24/gnu_arcem9d_wei_r16/libembarc.a(ss_i2c_master.o)
                0x100019fc                ss_iic_master_read
 .text.ss_iic_master_tx_cb
                0x10001a64       0x18 obj_socket_24/gnu_arcem9d_wei_r16/libembarc.a(ss_i2c_master.o)
                0x10001a64                ss_iic_master_tx_cb
 .text.ss_iic_master_rx_cb
                0x10001a7c       0x18 obj_socket_24/gnu_arcem9d_wei_r16/libembarc.a(ss_i2c_master.o)
                0x10001a7c                ss_iic_master_rx_cb
 .text.ss_iic_master_err_cb
                0x10001a94       0x10 obj_socket_24/gnu_arcem9d_wei_r16/libembarc.a(ss_i2c_master.o)
                0x10001a94                ss_iic_master_err_cb
 .text.iic_dma_complete_cb
                0x10001aa4       0x34 obj_socket_24/gnu_arcem9d_wei_r16/libembarc.a(i2c_master.o)
 .text.fill_txfifo_for_rx
                0x10001ad8       0x54 obj_socket_24/gnu_arcem9d_wei_r16/libembarc.a(i2c_master.o)
 .text.retrieve_rxfifo
                0x10001b2c       0x38 obj_socket_24/gnu_arcem9d_wei_r16/libembarc.a(i2c_master.o)
 .text.fill_txfifo
                0x10001b64       0x4c obj_socket_24/gnu_arcem9d_wei_r16/libembarc.a(i2c_master.o)
 .text.i2c_mst_tx_req_ISR_proc
                0x10001bb0       0xb0 obj_socket_24/gnu_arcem9d_wei_r16/libembarc.a(i2c_master.o)
 .text.i2c_mst2_tx_req_ISR
                0x10001c60        0x8 obj_socket_24/gnu_arcem9d_wei_r16/libembarc.a(i2c_master.o)
 .text.i2c_mst1_tx_req_ISR
                0x10001c68        0x8 obj_socket_24/gnu_arcem9d_wei_r16/libembarc.a(i2c_master.o)
 .text.i2c_mst0_tx_req_ISR
                0x10001c70        0x8 obj_socket_24/gnu_arcem9d_wei_r16/libembarc.a(i2c_master.o)
 .text.i2c_mst_rx_avail_ISR_proc
                0x10001c78       0x60 obj_socket_24/gnu_arcem9d_wei_r16/libembarc.a(i2c_master.o)
 .text.i2c_mst2_rx_avail_ISR
                0x10001cd8        0x8 obj_socket_24/gnu_arcem9d_wei_r16/libembarc.a(i2c_master.o)
 .text.i2c_mst1_rx_avail_ISR
                0x10001ce0        0x8 obj_socket_24/gnu_arcem9d_wei_r16/libembarc.a(i2c_master.o)
 .text.i2c_mst0_rx_avail_ISR
                0x10001ce8        0x8 obj_socket_24/gnu_arcem9d_wei_r16/libembarc.a(i2c_master.o)
 .text.i2c_mst_err_ISR_proc
                0x10001cf0       0x7c obj_socket_24/gnu_arcem9d_wei_r16/libembarc.a(i2c_master.o)
 .text.i2c_mst2_err_ISR
                0x10001d6c        0x8 obj_socket_24/gnu_arcem9d_wei_r16/libembarc.a(i2c_master.o)
 .text.i2c_mst1_err_ISR
                0x10001d74        0x8 obj_socket_24/gnu_arcem9d_wei_r16/libembarc.a(i2c_master.o)
 .text.i2c_mst0_err_ISR
                0x10001d7c        0x8 obj_socket_24/gnu_arcem9d_wei_r16/libembarc.a(i2c_master.o)
 .text.create_dma_descriptors_tx
                0x10001d84       0x54 obj_socket_24/gnu_arcem9d_wei_r16/libembarc.a(i2c_master.o)
 .text.create_dma_descriptors_tx_for_rx
                0x10001dd8       0x40 obj_socket_24/gnu_arcem9d_wei_r16/libembarc.a(i2c_master.o)
 .text.i2c_mst_stop_det_ISR_proc
                0x10001e18      0x150 obj_socket_24/gnu_arcem9d_wei_r16/libembarc.a(i2c_master.o)
 .text.i2c_mst2_stop_det_ISR
                0x10001f68        0x8 obj_socket_24/gnu_arcem9d_wei_r16/libembarc.a(i2c_master.o)
 .text.i2c_mst1_stop_det_ISR
                0x10001f70        0x8 obj_socket_24/gnu_arcem9d_wei_r16/libembarc.a(i2c_master.o)
 .text.i2c_mst0_stop_det_ISR
                0x10001f78        0x8 obj_socket_24/gnu_arcem9d_wei_r16/libembarc.a(i2c_master.o)
 .text.io_i2c_master_open
                0x10001f80      0x118 obj_socket_24/gnu_arcem9d_wei_r16/libembarc.a(i2c_master.o)
                0x10001f80                io_i2c_master_open
 .text.io_i2c_master_close
                0x10002098      0x144 obj_socket_24/gnu_arcem9d_wei_r16/libembarc.a(i2c_master.o)
                0x10002098                io_i2c_master_close
 .text.io_i2c_master_read
                0x100021dc       0xe4 obj_socket_24/gnu_arcem9d_wei_r16/libembarc.a(i2c_master.o)
                0x100021dc                io_i2c_master_read
 .text.io_i2c_master_write
                0x100022c0       0x88 obj_socket_24/gnu_arcem9d_wei_r16/libembarc.a(i2c_master.o)
                0x100022c0                io_i2c_master_write
 .text.io_i2c_master_ioctl
                0x10002348      0x158 obj_socket_24/gnu_arcem9d_wei_r16/libembarc.a(i2c_master.o)
                0x10002348                io_i2c_master_ioctl
 .text.board_main
                0x100024a0       0x34 obj_socket_24/gnu_arcem9d_wei_r16/libembarc.a(board.o)
                0x100024a0                board_main
 .text._dmac_clear_error
                0x100024d4       0x10 obj_socket_24/gnu_arcem9d_wei_r16/libembarc.a(arc_udma.o)
 .text._dmac_interrupt_error
                0x100024e4       0x44 obj_socket_24/gnu_arcem9d_wei_r16/libembarc.a(arc_udma.o)
 .text._dmac_interrupt_completed
                0x10002528       0x3c obj_socket_24/gnu_arcem9d_wei_r16/libembarc.a(arc_udma.o)
 .text.dmac_init
                0x10002564       0xac obj_socket_24/gnu_arcem9d_wei_r16/libembarc.a(arc_udma.o)
                0x10002564                dmac_init
 .text.dmac_register_callback
                0x10002610       0x1c obj_socket_24/gnu_arcem9d_wei_r16/libembarc.a(arc_udma.o)
                0x10002610                dmac_register_callback
 .text.dmac_init_channel
                0x1000262c       0x18 obj_socket_24/gnu_arcem9d_wei_r16/libembarc.a(arc_udma.o)
                0x1000262c                dmac_init_channel
 .text.dmac_reserve_channel
                0x10002644       0x60 obj_socket_24/gnu_arcem9d_wei_r16/libembarc.a(arc_udma.o)
                0x10002644                dmac_reserve_channel
 .text.dmac_release_channel
                0x100026a4       0x30 obj_socket_24/gnu_arcem9d_wei_r16/libembarc.a(arc_udma.o)
                0x100026a4                dmac_release_channel
 .text._dma_int_clear
                0x100026d4        0xc obj_socket_24/gnu_arcem9d_wei_r16/libembarc.a(arc_dmac.o)
                0x100026d4                _dma_int_clear
 .text._dma_chan_reset
                0x100026e0        0xc obj_socket_24/gnu_arcem9d_wei_r16/libembarc.a(arc_dmac.o)
                0x100026e0                _dma_chan_reset
 .text._dma_chan_enable
                0x100026ec        0xc obj_socket_24/gnu_arcem9d_wei_r16/libembarc.a(arc_dmac.o)
                0x100026ec                _dma_chan_enable
 .text._dma_chan_desc
                0x100026f8        0xc obj_socket_24/gnu_arcem9d_wei_r16/libembarc.a(arc_dmac.o)
                0x100026f8                _dma_chan_desc
 .text._dma_channel_clear
                0x10002704        0xc obj_socket_24/gnu_arcem9d_wei_r16/libembarc.a(arc_dmac.o)
                0x10002704                _dma_channel_clear
 .text._dma_chan_desc_aux
                0x10002710       0x34 obj_socket_24/gnu_arcem9d_wei_r16/libembarc.a(arc_dmac.o)
                0x10002710                _dma_chan_desc_aux
 .text._dma_chan_desc_get_ctrl
                0x10002744        0xc obj_socket_24/gnu_arcem9d_wei_r16/libembarc.a(arc_dmac.o)
                0x10002744                _dma_chan_desc_get_ctrl
 .text._dma_chan_desc_aux_get_ctrl
                0x10002750       0x10 obj_socket_24/gnu_arcem9d_wei_r16/libembarc.a(arc_dmac.o)
                0x10002750                _dma_chan_desc_aux_get_ctrl
 .text.__do_global_ctors_aux
                0x10002760       0x1c obj_socket_24/gnu_arcem9d_wei_r16/libembarc.a(arc_cxx_support.o)
                0x10002760                __do_global_ctors_aux
 .text.__do_global_dtors_aux
                0x1000277c       0x1c obj_socket_24/gnu_arcem9d_wei_r16/libembarc.a(arc_cxx_support.o)
                0x1000277c                __do_global_dtors_aux
 .text.__do_init_array_aux
                0x10002798       0x1c obj_socket_24/gnu_arcem9d_wei_r16/libembarc.a(arc_cxx_support.o)
                0x10002798                __do_init_array_aux
 .text.console_putchar
                0x100027b4       0x2c obj_socket_24/gnu_arcem9d_wei_r16/libembarc.a(console_io.o)
                0x100027b4                console_putchar
 .text.console_getchar
                0x100027e0       0x30 obj_socket_24/gnu_arcem9d_wei_r16/libembarc.a(console_io.o)
                0x100027e0                console_getchar
 .text.xprintf_setup
                0x10002810       0x5c obj_socket_24/gnu_arcem9d_wei_r16/libembarc.a(console_io.o)
                0x10002810                xprintf_setup
 .text.infra_evts_init
                0x1000286c       0x2c obj_socket_24/gnu_arcem9d_wei_r16/libembarc.a(event.o)
                0x1000286c                infra_evts_init
 .text.dfss_uart_0_install
                0x10002898       0x54 obj_socket_24/gnu_arcem9d_wei_r16/libembarc.a(hx_drv_uart.o)
 .text.dfss_uart_1_install
                0x100028ec       0x54 obj_socket_24/gnu_arcem9d_wei_r16/libembarc.a(hx_drv_uart.o)
 .text.dfss_uart_0_read_nonblock
                0x10002940       0x10 obj_socket_24/gnu_arcem9d_wei_r16/libembarc.a(hx_drv_uart.o)
 .text.dfss_uart_1_read_nonblock
                0x10002950       0x10 obj_socket_24/gnu_arcem9d_wei_r16/libembarc.a(hx_drv_uart.o)
 .text.dfss_uart_0_read
                0x10002960       0x10 obj_socket_24/gnu_arcem9d_wei_r16/libembarc.a(hx_drv_uart.o)
 .text.dfss_uart_1_read
                0x10002970       0x10 obj_socket_24/gnu_arcem9d_wei_r16/libembarc.a(hx_drv_uart.o)
 .text.dfss_uart_0_write
                0x10002980       0x10 obj_socket_24/gnu_arcem9d_wei_r16/libembarc.a(hx_drv_uart.o)
 .text.dfss_uart_1_write
                0x10002990       0x10 obj_socket_24/gnu_arcem9d_wei_r16/libembarc.a(hx_drv_uart.o)
 .text.dfss_uart_0_control
                0x100029a0       0x10 obj_socket_24/gnu_arcem9d_wei_r16/libembarc.a(hx_drv_uart.o)
 .text.dfss_uart_1_control
                0x100029b0       0x10 obj_socket_24/gnu_arcem9d_wei_r16/libembarc.a(hx_drv_uart.o)
 .text.dfss_uart_0_close
                0x100029c0        0xc obj_socket_24/gnu_arcem9d_wei_r16/libembarc.a(hx_drv_uart.o)
 .text.dfss_uart_1_close
                0x100029cc        0xc obj_socket_24/gnu_arcem9d_wei_r16/libembarc.a(hx_drv_uart.o)
 .text.dfss_uart_0_open
                0x100029d8        0xc obj_socket_24/gnu_arcem9d_wei_r16/libembarc.a(hx_drv_uart.o)
 .text.dfss_uart_1_open
                0x100029e4        0xc obj_socket_24/gnu_arcem9d_wei_r16/libembarc.a(hx_drv_uart.o)
 .text.uart_err_cb0
                0x100029f0        0xc obj_socket_24/gnu_arcem9d_wei_r16/libembarc.a(hx_drv_uart.o)
 .text.uart_err_cb1
                0x100029fc        0xc obj_socket_24/gnu_arcem9d_wei_r16/libembarc.a(hx_drv_uart.o)
 .text.uart_rx_cb0
                0x10002a08        0xc obj_socket_24/gnu_arcem9d_wei_r16/libembarc.a(hx_drv_uart.o)
 .text.uart_rx_cb1
                0x10002a14        0xc obj_socket_24/gnu_arcem9d_wei_r16/libembarc.a(hx_drv_uart.o)
 .text.uart_tx_cb0
                0x10002a20        0xc obj_socket_24/gnu_arcem9d_wei_r16/libembarc.a(hx_drv_uart.o)
 .text.uart_tx_cb1
                0x10002a2c        0xc obj_socket_24/gnu_arcem9d_wei_r16/libembarc.a(hx_drv_uart.o)
 .text.hx_drv_uart_init
                0x10002a38       0x60 obj_socket_24/gnu_arcem9d_wei_r16/libembarc.a(hx_drv_uart.o)
                0x10002a38                hx_drv_uart_init
 .text.hx_drv_uart_get_dev
                0x10002a98       0x48 obj_socket_24/gnu_arcem9d_wei_r16/libembarc.a(hx_drv_uart.o)
                0x10002a98                hx_drv_uart_get_dev
 .text.board_init
                0x10002ae0       0xd0 obj_socket_24/gnu_arcem9d_wei_r16/libembarc.a(socket_init.o)
                0x10002ae0                board_init
 .text.gnu_printf_setup
                0x10002bb0        0x4 obj_socket_24/gnu_arcem9d_wei_r16/libembarc.a(embARC_misc.o)
                0x10002bb0                gnu_printf_setup
 .text.i2c_s_callback_fun_tx
                0x10002bb4       0x10 obj_socket_24/gnu_arcem9d_wei_r16/libembarc.a(i2c_comm.o)
 .text.i2c_s_callback_fun_rx
                0x10002bc4       0x10 obj_socket_24/gnu_arcem9d_wei_r16/libembarc.a(i2c_comm.o)
 .text.i2c_s_callback_fun_err
                0x10002bd4       0x10 obj_socket_24/gnu_arcem9d_wei_r16/libembarc.a(i2c_comm.o)
 .text.hx_lib_i2ccomm_open
                0x10002be4       0x44 obj_socket_24/gnu_arcem9d_wei_r16/libembarc.a(i2c_comm.o)
                0x10002be4                hx_lib_i2ccomm_open
 .text.hx_lib_pm_init
                0x10002c28       0x1c obj_socket_24/gnu_arcem9d_wei_r16/libembarc.a(powermode.o)
                0x10002c28                hx_lib_pm_init
 .text.sensordplib_init
                0x10002c44       0x3c obj_socket_24/gnu_arcem9d_wei_r16/libembarc.a(sensor_dp_lib.o)
                0x10002c44                sensordplib_init
 .text.hx_drv_hw2x2_init
                0x10002c80        0x4 obj_socket_24/gnu_arcem9d_wei_r16/libembarc.a(hx_drv_hw2x2.o)
                0x10002c80                hx_drv_hw2x2_init
 .text.hx_drv_hw5x5_init
                0x10002c84        0x4 obj_socket_24/gnu_arcem9d_wei_r16/libembarc.a(hx_drv_hw5x5.o)
                0x10002c84                hx_drv_hw5x5_init
 .text.hx_drv_cdm_init
                0x10002c88        0x4 obj_socket_24/gnu_arcem9d_wei_r16/libembarc.a(hx_drv_cdm.o)
                0x10002c88                hx_drv_cdm_init
 .text.hx_drv_dp_init
                0x10002c8c        0x4 obj_socket_24/gnu_arcem9d_wei_r16/libembarc.a(hx_drv_dp.o)
                0x10002c8c                hx_drv_dp_init
 .text.hx_drv_dp_get_rx_clk_src
                0x10002c90       0x14 obj_socket_24/gnu_arcem9d_wei_r16/libembarc.a(hx_drv_dp.o)
                0x10002c90                hx_drv_dp_get_rx_clk_src
 .text.hx_drv_hog_init
                0x10002ca4       0x10 obj_socket_24/gnu_arcem9d_wei_r16/libembarc.a(hx_drv_hog.o)
                0x10002ca4                hx_drv_hog_init
 .text.hx_drv_hogdma_init
                0x10002cb4        0x4 obj_socket_24/gnu_arcem9d_wei_r16/libembarc.a(hx_drv_hogdma.o)
                0x10002cb4                hx_drv_hogdma_init
 .text.hx_drv_jpeg_init
                0x10002cb8        0x4 obj_socket_24/gnu_arcem9d_wei_r16/libembarc.a(hx_drv_jpeg.o)
                0x10002cb8                hx_drv_jpeg_init
 .text.hx_drv_rs_init
                0x10002cbc       0x10 obj_socket_24/gnu_arcem9d_wei_r16/libembarc.a(hx_drv_rs.o)
                0x10002cbc                hx_drv_rs_init
 .text.hx_drv_rsdma_init
                0x10002ccc        0x4 obj_socket_24/gnu_arcem9d_wei_r16/libembarc.a(hx_drv_rsdma.o)
                0x10002ccc                hx_drv_rsdma_init
 .text.hx_drv_xdma_init
                0x10002cd0        0x4 obj_socket_24/gnu_arcem9d_wei_r16/libembarc.a(hx_drv_xdma.o)
                0x10002cd0                hx_drv_xdma_init
 .text.dfss_iic_s_0_install
                0x10002cd4       0x48 obj_socket_24/gnu_arcem9d_wei_r16/libembarc.a(hx_drv_iic_s.o)
 .text.dfss_iic_s_0_read
                0x10002d1c       0x10 obj_socket_24/gnu_arcem9d_wei_r16/libembarc.a(hx_drv_iic_s.o)
 .text.dfss_iic_s_0_write
                0x10002d2c       0x10 obj_socket_24/gnu_arcem9d_wei_r16/libembarc.a(hx_drv_iic_s.o)
 .text.dfss_iic_s_0_control
                0x10002d3c       0x10 obj_socket_24/gnu_arcem9d_wei_r16/libembarc.a(hx_drv_iic_s.o)
 .text.dfss_iic_s_0_close
                0x10002d4c        0xc obj_socket_24/gnu_arcem9d_wei_r16/libembarc.a(hx_drv_iic_s.o)
 .text.dfss_iic_s_0_open
                0x10002d58        0xc obj_socket_24/gnu_arcem9d_wei_r16/libembarc.a(hx_drv_iic_s.o)
 .text.iic_s_err_cb0
                0x10002d64        0xc obj_socket_24/gnu_arcem9d_wei_r16/libembarc.a(hx_drv_iic_s.o)
 .text.iic_s_tx_cb0
                0x10002d70        0xc obj_socket_24/gnu_arcem9d_wei_r16/libembarc.a(hx_drv_iic_s.o)
 .text.iic_s_rx_cb0
                0x10002d7c        0xc obj_socket_24/gnu_arcem9d_wei_r16/libembarc.a(hx_drv_iic_s.o)
 .text.hx_drv_i2cs_get_dev
                0x10002d88       0x2c obj_socket_24/gnu_arcem9d_wei_r16/libembarc.a(hx_drv_iic_s.o)
                0x10002d88                hx_drv_i2cs_get_dev
 .text.hx_drv_i2cs_init
                0x10002db4       0x2c obj_socket_24/gnu_arcem9d_wei_r16/libembarc.a(hx_drv_iic_s.o)
                0x10002db4                hx_drv_i2cs_init
 .text.iomux_isr_pgpio0
                0x10002de0       0x10 obj_socket_24/gnu_arcem9d_wei_r16/libembarc.a(hx_drv_iomux.o)
 .text.iomux_isr_pgpio1
                0x10002df0       0x10 obj_socket_24/gnu_arcem9d_wei_r16/libembarc.a(hx_drv_iomux.o)
 .text.iomux_isr_pgpio2
                0x10002e00       0x10 obj_socket_24/gnu_arcem9d_wei_r16/libembarc.a(hx_drv_iomux.o)
 .text.iomux_isr_pgpio3
                0x10002e10       0x10 obj_socket_24/gnu_arcem9d_wei_r16/libembarc.a(hx_drv_iomux.o)
 .text.iomux_isr_pgpio4
                0x10002e20       0x10 obj_socket_24/gnu_arcem9d_wei_r16/libembarc.a(hx_drv_iomux.o)
 .text.iomux_isr_pgpio5
                0x10002e30       0x10 obj_socket_24/gnu_arcem9d_wei_r16/libembarc.a(hx_drv_iomux.o)
 .text.iomux_isr_pgpio6
                0x10002e40       0x10 obj_socket_24/gnu_arcem9d_wei_r16/libembarc.a(hx_drv_iomux.o)
 .text.iomux_isr_pgpio7
                0x10002e50       0x10 obj_socket_24/gnu_arcem9d_wei_r16/libembarc.a(hx_drv_iomux.o)
 .text.iomux_isr_pgpio8
                0x10002e60       0x10 obj_socket_24/gnu_arcem9d_wei_r16/libembarc.a(hx_drv_iomux.o)
 .text.iomux_isr_pgpio9
                0x10002e70       0x10 obj_socket_24/gnu_arcem9d_wei_r16/libembarc.a(hx_drv_iomux.o)
 .text.iomux_isr_pgpio10
                0x10002e80       0x10 obj_socket_24/gnu_arcem9d_wei_r16/libembarc.a(hx_drv_iomux.o)
 .text.iomux_isr_pgpio11
                0x10002e90       0x10 obj_socket_24/gnu_arcem9d_wei_r16/libembarc.a(hx_drv_iomux.o)
 .text.iomux_isr_pgpio12
                0x10002ea0       0x10 obj_socket_24/gnu_arcem9d_wei_r16/libembarc.a(hx_drv_iomux.o)
 .text.iomux_isr_pgpio13
                0x10002eb0       0x10 obj_socket_24/gnu_arcem9d_wei_r16/libembarc.a(hx_drv_iomux.o)
 .text.iomux_isr_pgpio14
                0x10002ec0       0x10 obj_socket_24/gnu_arcem9d_wei_r16/libembarc.a(hx_drv_iomux.o)
 .text.iomux_isr_sgpio0
                0x10002ed0       0x10 obj_socket_24/gnu_arcem9d_wei_r16/libembarc.a(hx_drv_iomux.o)
 .text.iomux_isr_sgpio1
                0x10002ee0       0x10 obj_socket_24/gnu_arcem9d_wei_r16/libembarc.a(hx_drv_iomux.o)
 .text.hx_drv_iomux_init
                0x10002ef0      0x1dc obj_socket_24/gnu_arcem9d_wei_r16/libembarc.a(hx_drv_iomux.o)
                0x10002ef0                hx_drv_iomux_init
 .text.dw_spi_1_read_ptl
                0x100030cc        0x4 obj_socket_24/gnu_arcem9d_wei_r16/libembarc.a(hx_drv_spi_m.o)
 .text.dw_spi_0_install
                0x100030d0      0x128 obj_socket_24/gnu_arcem9d_wei_r16/libembarc.a(hx_drv_spi_m.o)
 .text.dw_spi_1_install
                0x100031f8      0x128 obj_socket_24/gnu_arcem9d_wei_r16/libembarc.a(hx_drv_spi_m.o)
 .text.dw_spi_0_flash_Send_Op_code
                0x10003320       0x10 obj_socket_24/gnu_arcem9d_wei_r16/libembarc.a(hx_drv_spi_m.o)
 .text.dw_spi_1_flash_Send_Op_code
                0x10003330       0x10 obj_socket_24/gnu_arcem9d_wei_r16/libembarc.a(hx_drv_spi_m.o)
 .text.dw_spi_0_flash_erase_sector
                0x10003340        0xc obj_socket_24/gnu_arcem9d_wei_r16/libembarc.a(hx_drv_spi_m.o)
 .text.dw_spi_1_flash_erase_sector
                0x1000334c        0xc obj_socket_24/gnu_arcem9d_wei_r16/libembarc.a(hx_drv_spi_m.o)
 .text.dw_spi_0_flash_erase_all
                0x10003358        0xc obj_socket_24/gnu_arcem9d_wei_r16/libembarc.a(hx_drv_spi_m.o)
 .text.dw_spi_1_flash_erase_all
                0x10003364        0xc obj_socket_24/gnu_arcem9d_wei_r16/libembarc.a(hx_drv_spi_m.o)
 .text.dw_spi_0_flash_id
                0x10003370        0xc obj_socket_24/gnu_arcem9d_wei_r16/libembarc.a(hx_drv_spi_m.o)
 .text.dw_spi_1_flash_id
                0x1000337c        0xc obj_socket_24/gnu_arcem9d_wei_r16/libembarc.a(hx_drv_spi_m.o)
 .text.dw_spi_0_read_ptl
                0x10003388       0x10 obj_socket_24/gnu_arcem9d_wei_r16/libembarc.a(hx_drv_spi_m.o)
 .text.dw_spi_0_read_dma
                0x10003398       0x10 obj_socket_24/gnu_arcem9d_wei_r16/libembarc.a(hx_drv_spi_m.o)
 .text.dw_spi_1_read_dma
                0x100033a8       0x10 obj_socket_24/gnu_arcem9d_wei_r16/libembarc.a(hx_drv_spi_m.o)
 .text.dw_spi_0_write_ptl_halt
                0x100033b8        0xc obj_socket_24/gnu_arcem9d_wei_r16/libembarc.a(hx_drv_spi_m.o)
 .text.dw_spi_1_write_ptl_halt
                0x100033c4        0xc obj_socket_24/gnu_arcem9d_wei_r16/libembarc.a(hx_drv_spi_m.o)
 .text.dw_spi_0_write_ptl_cus
                0x100033d0       0x14 obj_socket_24/gnu_arcem9d_wei_r16/libembarc.a(hx_drv_spi_m.o)
 .text.dw_spi_1_write_ptl_cus
                0x100033e4       0x14 obj_socket_24/gnu_arcem9d_wei_r16/libembarc.a(hx_drv_spi_m.o)
 .text.dw_spi_0_write_ptl
                0x100033f8       0x10 obj_socket_24/gnu_arcem9d_wei_r16/libembarc.a(hx_drv_spi_m.o)
 .text.dw_spi_1_write_ptl
                0x10003408       0x10 obj_socket_24/gnu_arcem9d_wei_r16/libembarc.a(hx_drv_spi_m.o)
 .text.dw_spi_0_read_dma_status
                0x10003418       0x10 obj_socket_24/gnu_arcem9d_wei_r16/libembarc.a(hx_drv_spi_m.o)
 .text.dw_spi_1_read_dma_status
                0x10003428       0x10 obj_socket_24/gnu_arcem9d_wei_r16/libembarc.a(hx_drv_spi_m.o)
 .text.dw_spi_0_write_dma
                0x10003438       0x10 obj_socket_24/gnu_arcem9d_wei_r16/libembarc.a(hx_drv_spi_m.o)
 .text.dw_spi_1_write_dma
                0x10003448       0x10 obj_socket_24/gnu_arcem9d_wei_r16/libembarc.a(hx_drv_spi_m.o)
 .text.dw_spi_0_read
                0x10003458       0x10 obj_socket_24/gnu_arcem9d_wei_r16/libembarc.a(hx_drv_spi_m.o)
 .text.dw_spi_1_read
                0x10003468       0x10 obj_socket_24/gnu_arcem9d_wei_r16/libembarc.a(hx_drv_spi_m.o)
 .text.dw_spi_0_write
                0x10003478       0x10 obj_socket_24/gnu_arcem9d_wei_r16/libembarc.a(hx_drv_spi_m.o)
 .text.dw_spi_1_write
                0x10003488       0x10 obj_socket_24/gnu_arcem9d_wei_r16/libembarc.a(hx_drv_spi_m.o)
 .text.dw_spi_0_control
                0x10003498       0x10 obj_socket_24/gnu_arcem9d_wei_r16/libembarc.a(hx_drv_spi_m.o)
 .text.dw_spi_1_control
                0x100034a8       0x10 obj_socket_24/gnu_arcem9d_wei_r16/libembarc.a(hx_drv_spi_m.o)
 .text.dw_spi_0_close
                0x100034b8        0xc obj_socket_24/gnu_arcem9d_wei_r16/libembarc.a(hx_drv_spi_m.o)
 .text.dw_spi_1_close
                0x100034c4        0xc obj_socket_24/gnu_arcem9d_wei_r16/libembarc.a(hx_drv_spi_m.o)
 .text.dw_spi_0_open
                0x100034d0       0x10 obj_socket_24/gnu_arcem9d_wei_r16/libembarc.a(hx_drv_spi_m.o)
 .text.dw_spi_1_open
                0x100034e0       0x10 obj_socket_24/gnu_arcem9d_wei_r16/libembarc.a(hx_drv_spi_m.o)
 .text.dw_spi_0_tx_ptl_isr
                0x100034f0        0xc obj_socket_24/gnu_arcem9d_wei_r16/libembarc.a(hx_drv_spi_m.o)
 .text.dw_spi_1_tx_ptl_isr
                0x100034fc        0xc obj_socket_24/gnu_arcem9d_wei_r16/libembarc.a(hx_drv_spi_m.o)
 .text.dw_spi_0_isr
                0x10003508        0xc obj_socket_24/gnu_arcem9d_wei_r16/libembarc.a(hx_drv_spi_m.o)
 .text.dw_spi_1_isr
                0x10003514        0xc obj_socket_24/gnu_arcem9d_wei_r16/libembarc.a(hx_drv_spi_m.o)
 .text.dw_spi_0_flash_set_xip
                0x10003520       0x28 obj_socket_24/gnu_arcem9d_wei_r16/libembarc.a(hx_drv_spi_m.o)
 .text.dw_spi_1_flash_set_xip
                0x10003548       0x28 obj_socket_24/gnu_arcem9d_wei_r16/libembarc.a(hx_drv_spi_m.o)
 .text.dw_spi_0_flash_word_write
                0x10003570       0x24 obj_socket_24/gnu_arcem9d_wei_r16/libembarc.a(hx_drv_spi_m.o)
 .text.dw_spi_1_flash_word_write
                0x10003594       0x24 obj_socket_24/gnu_arcem9d_wei_r16/libembarc.a(hx_drv_spi_m.o)
 .text.dw_spi_0_flash_write
                0x100035b8       0x28 obj_socket_24/gnu_arcem9d_wei_r16/libembarc.a(hx_drv_spi_m.o)
 .text.dw_spi_1_flash_write
                0x100035e0       0x28 obj_socket_24/gnu_arcem9d_wei_r16/libembarc.a(hx_drv_spi_m.o)
 .text.dw_spi_0_flash_word_read
                0x10003608       0x30 obj_socket_24/gnu_arcem9d_wei_r16/libembarc.a(hx_drv_spi_m.o)
 .text.dw_spi_1_flash_word_read
                0x10003638       0x30 obj_socket_24/gnu_arcem9d_wei_r16/libembarc.a(hx_drv_spi_m.o)
 .text.dw_spi_0_flash_read
                0x10003668       0x30 obj_socket_24/gnu_arcem9d_wei_r16/libembarc.a(hx_drv_spi_m.o)
 .text.dw_spi_1_flash_read
                0x10003698       0x30 obj_socket_24/gnu_arcem9d_wei_r16/libembarc.a(hx_drv_spi_m.o)
 .text.hx_drv_spi_mst_init
                0x100036c8       0x60 obj_socket_24/gnu_arcem9d_wei_r16/libembarc.a(hx_drv_spi_m.o)
                0x100036c8                hx_drv_spi_mst_init
 .text.dw_spi_set_format
                0x10003728      0x104 obj_socket_24/gnu_arcem9d_wei_r16/libembarc.a(dw_spi.o)
 .text.dw_spi_set_read_count
                0x1000382c       0x18 obj_socket_24/gnu_arcem9d_wei_r16/libembarc.a(dw_spi.o)
 .text.dw_spi_set_dfs
                0x10003844       0x24 obj_socket_24/gnu_arcem9d_wei_r16/libembarc.a(dw_spi.o)
 .text.spi_mst0_rx_ISR
                0x10003868        0xc obj_socket_24/gnu_arcem9d_wei_r16/libembarc.a(dw_spi.o)
 .text.spi_mst0_tx_ISR
                0x10003874        0xc obj_socket_24/gnu_arcem9d_wei_r16/libembarc.a(dw_spi.o)
 .text.dw_spi_rx_ptl_isr
                0x10003880       0x20 obj_socket_24/gnu_arcem9d_wei_r16/libembarc.a(dw_spi.o)
 .text.dw_spi_get_txavail
                0x100038a0       0x18 obj_socket_24/gnu_arcem9d_wei_r16/libembarc.a(dw_spi.o)
 .text.dw_spi_writer
                0x100038b8       0x8c obj_socket_24/gnu_arcem9d_wei_r16/libembarc.a(dw_spi.o)
 .text.dw_spi_init_transfer
                0x10003944       0x4c obj_socket_24/gnu_arcem9d_wei_r16/libembarc.a(dw_spi.o)
 .text.dw_spi_dis_cbr
                0x10003990       0x6c obj_socket_24/gnu_arcem9d_wei_r16/libembarc.a(dw_spi.o)
 .text.dw_spi_abort_tx
                0x100039fc       0x3c obj_socket_24/gnu_arcem9d_wei_r16/libembarc.a(dw_spi.o)
 .text.dw_spi_abort_rx
                0x10003a38       0x3c obj_socket_24/gnu_arcem9d_wei_r16/libembarc.a(dw_spi.o)
 .text.dw_spi_disable_interrupt
                0x10003a74       0x40 obj_socket_24/gnu_arcem9d_wei_r16/libembarc.a(dw_spi.o)
 .text.dw_spi_reset_device
                0x10003ab4       0x2c obj_socket_24/gnu_arcem9d_wei_r16/libembarc.a(dw_spi.o)
 .text.dw_spi_ena_cbr
                0x10003ae0       0x64 obj_socket_24/gnu_arcem9d_wei_r16/libembarc.a(dw_spi.o)
 .text.dw_spi_set_transfer_mode.part.0
                0x10003b44       0x1c obj_socket_24/gnu_arcem9d_wei_r16/libembarc.a(dw_spi.o)
 .text.dw_spi_chk_xfer_aligned
                0x10003b60       0x3c obj_socket_24/gnu_arcem9d_wei_r16/libembarc.a(dw_spi.o)
 .text.dw_spi_psnd_32bit_dat_len.constprop.0
                0x10003b9c       0x40 obj_socket_24/gnu_arcem9d_wei_r16/libembarc.a(dw_spi.o)
 .text.create_dma_descriptors_rx.constprop.0
                0x10003bdc       0xe8 obj_socket_24/gnu_arcem9d_wei_r16/libembarc.a(dw_spi.o)
 .text.create_dma_descriptors_tx.constprop.0
                0x10003cc4      0x110 obj_socket_24/gnu_arcem9d_wei_r16/libembarc.a(dw_spi.o)
 .text.dw_spi_DMA_send
                0x10003dd4       0xb4 obj_socket_24/gnu_arcem9d_wei_r16/libembarc.a(dw_spi.o)
 .text.dw_spi_reader.isra.0
                0x10003e88       0x8c obj_socket_24/gnu_arcem9d_wei_r16/libembarc.a(dw_spi.o)
 .text.dw_spi_poll_transfer
                0x10003f14       0x44 obj_socket_24/gnu_arcem9d_wei_r16/libembarc.a(dw_spi.o)
 .text.dw_spi_DMA_send_recv
                0x10003f58      0x104 obj_socket_24/gnu_arcem9d_wei_r16/libembarc.a(dw_spi.o)
 .text.word_switch_func
                0x1000405c       0x3c obj_socket_24/gnu_arcem9d_wei_r16/libembarc.a(dw_spi.o)
                0x1000405c                word_switch_func
 .text.dw_spi_open
                0x10004098      0x1dc obj_socket_24/gnu_arcem9d_wei_r16/libembarc.a(dw_spi.o)
                0x10004098                dw_spi_open
 .text.dw_spi_close
                0x10004274       0x84 obj_socket_24/gnu_arcem9d_wei_r16/libembarc.a(dw_spi.o)
                0x10004274                dw_spi_close
 .text.dw_spi_eeprom_setWriteEnable
                0x100042f8       0x24 obj_socket_24/gnu_arcem9d_wei_r16/libembarc.a(dw_spi.o)
                0x100042f8                dw_spi_eeprom_setWriteEnable
 .text.dw_spi_eeprom_waitWIP
                0x1000431c       0x3c obj_socket_24/gnu_arcem9d_wei_r16/libembarc.a(dw_spi.o)
                0x1000431c                dw_spi_eeprom_waitWIP
 .text.dw_spi_eeprom_set_quad_mode
                0x10004358      0x1dc obj_socket_24/gnu_arcem9d_wei_r16/libembarc.a(dw_spi.o)
                0x10004358                dw_spi_eeprom_set_quad_mode
 .text.dw_spi_eeprom_setXIP_para_dual
                0x10004534       0xb8 obj_socket_24/gnu_arcem9d_wei_r16/libembarc.a(dw_spi.o)
                0x10004534                dw_spi_eeprom_setXIP_para_dual
 .text.dw_spi_eeprom_setXIP_para
                0x100045ec       0xb8 obj_socket_24/gnu_arcem9d_wei_r16/libembarc.a(dw_spi.o)
                0x100045ec                dw_spi_eeprom_setXIP_para
 .text.dw_spi_eeprom_clear_write_protect
                0x100046a4      0x198 obj_socket_24/gnu_arcem9d_wei_r16/libembarc.a(dw_spi.o)
                0x100046a4                dw_spi_eeprom_clear_write_protect
 .text.dw_spi_eeprom_SetXIP
                0x1000483c       0xb4 obj_socket_24/gnu_arcem9d_wei_r16/libembarc.a(dw_spi.o)
                0x1000483c                dw_spi_eeprom_SetXIP
 .text.dw_spi_eeprom_SetXIP_dual
                0x100048f0       0xb4 obj_socket_24/gnu_arcem9d_wei_r16/libembarc.a(dw_spi.o)
                0x100048f0                dw_spi_eeprom_SetXIP_dual
 .text.dw_spi_eeprom_disable_XIP_base_only
                0x100049a4       0x28 obj_socket_24/gnu_arcem9d_wei_r16/libembarc.a(dw_spi.o)
                0x100049a4                dw_spi_eeprom_disable_XIP_base_only
 .text.dw_spi_eeprom_GetXIP_status
                0x100049cc       0x2c obj_socket_24/gnu_arcem9d_wei_r16/libembarc.a(dw_spi.o)
                0x100049cc                dw_spi_eeprom_GetXIP_status
 .text.dw_spi_eeprom_erase_all
                0x100049f8       0x80 obj_socket_24/gnu_arcem9d_wei_r16/libembarc.a(dw_spi.o)
                0x100049f8                dw_spi_eeprom_erase_all
 .text.dw_spi_eeprom_erase_sector
                0x10004a78       0xa8 obj_socket_24/gnu_arcem9d_wei_r16/libembarc.a(dw_spi.o)
                0x10004a78                dw_spi_eeprom_erase_sector
 .text.dw_spi_eeprom_word_write
                0x10004b20      0x14c obj_socket_24/gnu_arcem9d_wei_r16/libembarc.a(dw_spi.o)
                0x10004b20                dw_spi_eeprom_word_write
 .text.dw_spi_eeprom_write
                0x10004c6c      0x100 obj_socket_24/gnu_arcem9d_wei_r16/libembarc.a(dw_spi.o)
                0x10004c6c                dw_spi_eeprom_write
 .text.dw_spi_eeprom_word_dual_read
                0x10004d6c      0x198 obj_socket_24/gnu_arcem9d_wei_r16/libembarc.a(dw_spi.o)
                0x10004d6c                dw_spi_eeprom_word_dual_read
 .text.dw_spi_tx_ptl_isr
                0x10004f04       0x34 obj_socket_24/gnu_arcem9d_wei_r16/libembarc.a(dw_spi.o)
                0x10004f04                dw_spi_tx_ptl_isr
 .text.dw_spi_read_uDMA_status
                0x10004f38        0xc obj_socket_24/gnu_arcem9d_wei_r16/libembarc.a(dw_spi.o)
                0x10004f38                dw_spi_read_uDMA_status
 .text.dw_spi_control
                0x10004f44      0x3d0 obj_socket_24/gnu_arcem9d_wei_r16/libembarc.a(dw_spi.o)
                0x10004f44                dw_spi_control
 .text.dw_spi_write_ptl_uDMA
                0x10005314      0x1b4 obj_socket_24/gnu_arcem9d_wei_r16/libembarc.a(dw_spi.o)
                0x10005314                dw_spi_write_ptl_uDMA
 .text.dw_spi_write_ptl_cus_uDMA
                0x100054c8      0x1ac obj_socket_24/gnu_arcem9d_wei_r16/libembarc.a(dw_spi.o)
                0x100054c8                dw_spi_write_ptl_cus_uDMA
 .text.dw_spi_write_ptl_halt
                0x10005674       0x48 obj_socket_24/gnu_arcem9d_wei_r16/libembarc.a(dw_spi.o)
                0x10005674                dw_spi_write_ptl_halt
 .text.dw_spi_write_uDMA
                0x100056bc      0x16c obj_socket_24/gnu_arcem9d_wei_r16/libembarc.a(dw_spi.o)
                0x100056bc                dw_spi_write_uDMA
 .text.dw_spi_write_int
                0x10005828       0xb0 obj_socket_24/gnu_arcem9d_wei_r16/libembarc.a(dw_spi.o)
                0x10005828                dw_spi_write_int
 .text.dw_spi_eeprom_ID
                0x100058d8       0xf0 obj_socket_24/gnu_arcem9d_wei_r16/libembarc.a(dw_spi.o)
                0x100058d8                dw_spi_eeprom_ID
 .text.dw_spi_eeprom_4write
                0x100059c8      0x1dc obj_socket_24/gnu_arcem9d_wei_r16/libembarc.a(dw_spi.o)
                0x100059c8                dw_spi_eeprom_4write
 .text.dw_spi_eeprom_Send_Op_code
                0x10005ba4       0x7c obj_socket_24/gnu_arcem9d_wei_r16/libembarc.a(dw_spi.o)
                0x10005ba4                dw_spi_eeprom_Send_Op_code
 .text.dw_spi_read_uDMA
                0x10005c20      0x178 obj_socket_24/gnu_arcem9d_wei_r16/libembarc.a(dw_spi.o)
                0x10005c20                dw_spi_read_uDMA
 .text.dw_spi_read_int
                0x10005d98       0xd4 obj_socket_24/gnu_arcem9d_wei_r16/libembarc.a(dw_spi.o)
                0x10005d98                dw_spi_read_int
 .text.dw_spi_eeprom_read
                0x10005e6c       0xd8 obj_socket_24/gnu_arcem9d_wei_r16/libembarc.a(dw_spi.o)
                0x10005e6c                dw_spi_eeprom_read
 .text.dw_spi_eeprom_2read
                0x10005f44      0x208 obj_socket_24/gnu_arcem9d_wei_r16/libembarc.a(dw_spi.o)
                0x10005f44                dw_spi_eeprom_2read
 .text.dw_spi_eeprom_4read
                0x1000614c      0x168 obj_socket_24/gnu_arcem9d_wei_r16/libembarc.a(dw_spi.o)
                0x1000614c                dw_spi_eeprom_4read
 .text.dw_spi_eeprom_word_single_read
                0x100062b4       0xe4 obj_socket_24/gnu_arcem9d_wei_r16/libembarc.a(dw_spi.o)
                0x100062b4                dw_spi_eeprom_word_single_read
 .text.dw_spi_eeprom_word_quad_read
                0x10006398       0xfc obj_socket_24/gnu_arcem9d_wei_r16/libembarc.a(dw_spi.o)
                0x10006398                dw_spi_eeprom_word_quad_read
 .text.dw_spi_isr
                0x10006494      0x184 obj_socket_24/gnu_arcem9d_wei_r16/libembarc.a(dw_spi.o)
                0x10006494                dw_spi_isr
 .text.dfss_spi_slv_0_install
                0x10006618       0x70 obj_socket_24/gnu_arcem9d_wei_r16/libembarc.a(hx_drv_spi_s.o)
 .text.dfss_spi_slv_0_write_halt
                0x10006688        0xc obj_socket_24/gnu_arcem9d_wei_r16/libembarc.a(hx_drv_spi_s.o)
 .text.dfss_spi_slv_0_read
                0x10006694       0x10 obj_socket_24/gnu_arcem9d_wei_r16/libembarc.a(hx_drv_spi_s.o)
 .text.dfss_spi_slv_0_write_ptl_cus
                0x100066a4       0x14 obj_socket_24/gnu_arcem9d_wei_r16/libembarc.a(hx_drv_spi_s.o)
 .text.dfss_spi_slv_0_write_ptl
                0x100066b8       0x10 obj_socket_24/gnu_arcem9d_wei_r16/libembarc.a(hx_drv_spi_s.o)
 .text.dfss_spi_slv_0_write
                0x100066c8       0x10 obj_socket_24/gnu_arcem9d_wei_r16/libembarc.a(hx_drv_spi_s.o)
 .text.dfss_spi_slv_0_control
                0x100066d8       0x10 obj_socket_24/gnu_arcem9d_wei_r16/libembarc.a(hx_drv_spi_s.o)
 .text.dfss_spi_slv_0_close
                0x100066e8        0xc obj_socket_24/gnu_arcem9d_wei_r16/libembarc.a(hx_drv_spi_s.o)
 .text.dfss_spi_slv_0_open
                0x100066f4       0x10 obj_socket_24/gnu_arcem9d_wei_r16/libembarc.a(hx_drv_spi_s.o)
 .text.spi_slv_err_cb0
                0x10006704        0xc obj_socket_24/gnu_arcem9d_wei_r16/libembarc.a(hx_drv_spi_s.o)
 .text.spi_slv_tx_cb0
                0x10006710       0x20 obj_socket_24/gnu_arcem9d_wei_r16/libembarc.a(hx_drv_spi_s.o)
 .text.spi_slv_rx_cb0
                0x10006730       0x20 obj_socket_24/gnu_arcem9d_wei_r16/libembarc.a(hx_drv_spi_s.o)
 .text.hx_drv_spi_slv_init
                0x10006750       0x2c obj_socket_24/gnu_arcem9d_wei_r16/libembarc.a(hx_drv_spi_s.o)
                0x10006750                hx_drv_spi_slv_init
 .text.ss_spi_slave_open
                0x1000677c       0xe0 obj_socket_24/gnu_arcem9d_wei_r16/libembarc.a(ss_spi_slave.o)
                0x1000677c                ss_spi_slave_open
 .text.ss_spi_slave_close
                0x1000685c       0x44 obj_socket_24/gnu_arcem9d_wei_r16/libembarc.a(ss_spi_slave.o)
                0x1000685c                ss_spi_slave_close
 .text.ss_spi_slave_control
                0x100068a0      0x470 obj_socket_24/gnu_arcem9d_wei_r16/libembarc.a(ss_spi_slave.o)
                0x100068a0                ss_spi_slave_control
 .text.ss_spi_slave_write_halt
                0x10006d10       0x10 obj_socket_24/gnu_arcem9d_wei_r16/libembarc.a(ss_spi_slave.o)
                0x10006d10                ss_spi_slave_write_halt
 .text.ss_spi_slave_write
                0x10006d20       0x48 obj_socket_24/gnu_arcem9d_wei_r16/libembarc.a(ss_spi_slave.o)
                0x10006d20                ss_spi_slave_write
 .text.ss_spi_slave_write_ptl
                0x10006d68       0x4c obj_socket_24/gnu_arcem9d_wei_r16/libembarc.a(ss_spi_slave.o)
                0x10006d68                ss_spi_slave_write_ptl
 .text.ss_spi_slave_write_ptl_cus
                0x10006db4       0x5c obj_socket_24/gnu_arcem9d_wei_r16/libembarc.a(ss_spi_slave.o)
                0x10006db4                ss_spi_slave_write_ptl_cus
 .text.ss_spi_slave_read
                0x10006e10       0x48 obj_socket_24/gnu_arcem9d_wei_r16/libembarc.a(ss_spi_slave.o)
                0x10006e10                ss_spi_slave_read
 .text.ss_spi_slave_tx_cb
                0x10006e58       0x38 obj_socket_24/gnu_arcem9d_wei_r16/libembarc.a(ss_spi_slave.o)
                0x10006e58                ss_spi_slave_tx_cb
 .text.ss_spi_slave_rx_cb
                0x10006e90       0x38 obj_socket_24/gnu_arcem9d_wei_r16/libembarc.a(ss_spi_slave.o)
                0x10006e90                ss_spi_slave_rx_cb
 .text.ss_spi_slave_err_cb
                0x10006ec8       0x10 obj_socket_24/gnu_arcem9d_wei_r16/libembarc.a(ss_spi_slave.o)
                0x10006ec8                ss_spi_slave_err_cb
 .text.spi_slv_rx_ptl_ISR
                0x10006ed8       0x54 obj_socket_24/gnu_arcem9d_wei_r16/libembarc.a(spi_slave.o)
 .text.spi_slv_tx_ptl_ISR
                0x10006f2c       0x3c obj_socket_24/gnu_arcem9d_wei_r16/libembarc.a(spi_slave.o)
 .text.retrieve_rxfifo
                0x10006f68       0xec obj_socket_24/gnu_arcem9d_wei_r16/libembarc.a(spi_slave.o)
 .text.fill_txfifo
                0x10007054       0xc8 obj_socket_24/gnu_arcem9d_wei_r16/libembarc.a(spi_slave.o)
 .text.spi_slv0_err_ISR
                0x1000711c       0x38 obj_socket_24/gnu_arcem9d_wei_r16/libembarc.a(spi_slave.o)
 .text.spi_slv0_idle_ISR
                0x10007154       0xa8 obj_socket_24/gnu_arcem9d_wei_r16/libembarc.a(spi_slave.o)
 .text.spi_slv0_tx_ISR
                0x100071fc       0x64 obj_socket_24/gnu_arcem9d_wei_r16/libembarc.a(spi_slave.o)
 .text.spi_slv0_rx_ISR
                0x10007260       0x98 obj_socket_24/gnu_arcem9d_wei_r16/libembarc.a(spi_slave.o)
 .text.io_spi_slave_open
                0x100072f8      0x160 obj_socket_24/gnu_arcem9d_wei_r16/libembarc.a(spi_slave.o)
                0x100072f8                io_spi_slave_open
 .text.io_spi_slave_close
                0x10007458       0xd8 obj_socket_24/gnu_arcem9d_wei_r16/libembarc.a(spi_slave.o)
                0x10007458                io_spi_slave_close
 .text.io_spi_slave_read
                0x10007530      0x134 obj_socket_24/gnu_arcem9d_wei_r16/libembarc.a(spi_slave.o)
                0x10007530                io_spi_slave_read
 .text.io_spi_slave_write_halt
                0x10007664       0x50 obj_socket_24/gnu_arcem9d_wei_r16/libembarc.a(spi_slave.o)
                0x10007664                io_spi_slave_write_halt
 .text.io_spi_slave_write
                0x100076b4      0x198 obj_socket_24/gnu_arcem9d_wei_r16/libembarc.a(spi_slave.o)
                0x100076b4                io_spi_slave_write
 .text.io_spi_slave_write_ptl
                0x1000784c      0x1a8 obj_socket_24/gnu_arcem9d_wei_r16/libembarc.a(spi_slave.o)
                0x1000784c                io_spi_slave_write_ptl
 .text.io_spi_slave_write_ptl_cus
                0x100079f4      0x1c0 obj_socket_24/gnu_arcem9d_wei_r16/libembarc.a(spi_slave.o)
                0x100079f4                io_spi_slave_write_ptl_cus
 .text.io_spi_slave_ioctl
                0x10007bb4      0x12c obj_socket_24/gnu_arcem9d_wei_r16/libembarc.a(spi_slave.o)
                0x10007bb4                io_spi_slave_ioctl
 .text.io_spi_slave_check_status
                0x10007ce0       0x44 obj_socket_24/gnu_arcem9d_wei_r16/libembarc.a(spi_slave.o)
                0x10007ce0                io_spi_slave_check_status
 .text.upper_fill_fifo
                0x10007d24       0xf0 obj_socket_24/gnu_arcem9d_wei_r16/libembarc.a(spi_slave.o)
                0x10007d24                upper_fill_fifo
 .text.upper_retrieve_fifo
                0x10007e14      0x10c obj_socket_24/gnu_arcem9d_wei_r16/libembarc.a(spi_slave.o)
                0x10007e14                upper_retrieve_fifo
 .text.set_err_interrupt
                0x10007f20       0x1c obj_socket_24/gnu_arcem9d_wei_r16/libembarc.a(spi_slave.o)
                0x10007f20                set_err_interrupt
 .text.set_dps  0x10007f3c       0x6c obj_socket_24/gnu_arcem9d_wei_r16/libembarc.a(ss_uart.o)
 .text.set_baud
                0x10007fa8       0x30 obj_socket_24/gnu_arcem9d_wei_r16/libembarc.a(ss_uart.o)
 .text.io_uart_poll_write
                0x10007fd8       0x44 obj_socket_24/gnu_arcem9d_wei_r16/libembarc.a(ss_uart.o)
 .text.io_uart_poll_read
                0x1000801c       0x40 obj_socket_24/gnu_arcem9d_wei_r16/libembarc.a(ss_uart.o)
 .text.ss_uart_open
                0x1000805c       0xa0 obj_socket_24/gnu_arcem9d_wei_r16/libembarc.a(ss_uart.o)
                0x1000805c                ss_uart_open
 .text.ss_uart_close
                0x100080fc       0x24 obj_socket_24/gnu_arcem9d_wei_r16/libembarc.a(ss_uart.o)
                0x100080fc                ss_uart_close
 .text.ss_uart_control
                0x10008120      0x168 obj_socket_24/gnu_arcem9d_wei_r16/libembarc.a(ss_uart.o)
                0x10008120                ss_uart_control
 .text.ss_uart_write
                0x10008288       0x54 obj_socket_24/gnu_arcem9d_wei_r16/libembarc.a(ss_uart.o)
                0x10008288                ss_uart_write
 .text.ss_uart_read
                0x100082dc       0x64 obj_socket_24/gnu_arcem9d_wei_r16/libembarc.a(ss_uart.o)
                0x100082dc                ss_uart_read
 .text.ss_uart_read_nonblock
                0x10008340       0x40 obj_socket_24/gnu_arcem9d_wei_r16/libembarc.a(ss_uart.o)
                0x10008340                ss_uart_read_nonblock
 .text.ss_uart_tx_cb
                0x10008380       0x20 obj_socket_24/gnu_arcem9d_wei_r16/libembarc.a(ss_uart.o)
                0x10008380                ss_uart_tx_cb
 .text.ss_uart_rx_cb
                0x100083a0       0x20 obj_socket_24/gnu_arcem9d_wei_r16/libembarc.a(ss_uart.o)
                0x100083a0                ss_uart_rx_cb
 .text.ss_uart_err_cb
                0x100083c0        0xc obj_socket_24/gnu_arcem9d_wei_r16/libembarc.a(ss_uart.o)
                0x100083c0                ss_uart_err_cb
 .text.hx_drv_ckgen_init
                0x100083cc        0xc obj_socket_24/gnu_arcem9d_wei_r16/libembarc.a(hx_drv_ckgen.o)
                0x100083cc                hx_drv_ckgen_init
 .text.hx_drv_ckgen_set_gated
                0x100083d8       0x4c obj_socket_24/gnu_arcem9d_wei_r16/libembarc.a(hx_drv_ckgen.o)
                0x100083d8                hx_drv_ckgen_set_gated
 .text.hx_drv_ckgen_set_div
                0x10008424       0xe8 obj_socket_24/gnu_arcem9d_wei_r16/libembarc.a(hx_drv_ckgen.o)
                0x10008424                hx_drv_ckgen_set_div
 .text.hx_drv_ckgen_set_sel
                0x1000850c       0x30 obj_socket_24/gnu_arcem9d_wei_r16/libembarc.a(hx_drv_ckgen.o)
                0x1000850c                hx_drv_ckgen_set_sel
 .text.hx_drv_swrst_init
                0x1000853c        0xc obj_socket_24/gnu_arcem9d_wei_r16/libembarc.a(hx_drv_ckgen.o)
                0x1000853c                hx_drv_swrst_init
 .text.hx_drv_edm_init
                0x10008548       0x58 obj_socket_24/gnu_arcem9d_wei_r16/libembarc.a(hx_drv_edm.o)
                0x10008548                hx_drv_edm_init
 .text.hx_drv_inp_init
                0x100085a0        0x4 obj_socket_24/gnu_arcem9d_wei_r16/libembarc.a(hx_drv_inp.o)
                0x100085a0                hx_drv_inp_init
 .text.hx_drv_inp1bitparser_init
                0x100085a4        0x4 obj_socket_24/gnu_arcem9d_wei_r16/libembarc.a(hx_drv_inp1bitparser.o)
                0x100085a4                hx_drv_inp1bitparser_init
 .text.pmu_rc36_finish_isr
                0x100085a8       0x10 obj_socket_24/gnu_arcem9d_wei_r16/libembarc.a(hx_drv_pmu.o)
 .text.pmu_rc36_done_isr
                0x100085b8       0x10 obj_socket_24/gnu_arcem9d_wei_r16/libembarc.a(hx_drv_pmu.o)
 .text.pmu_wdt_isr
                0x100085c8       0x24 obj_socket_24/gnu_arcem9d_wei_r16/libembarc.a(hx_drv_pmu.o)
 .text.pmu_adc_isr
                0x100085ec       0x24 obj_socket_24/gnu_arcem9d_wei_r16/libembarc.a(hx_drv_pmu.o)
 .text.hx_drv_pmu_init
                0x10008610       0x88 obj_socket_24/gnu_arcem9d_wei_r16/libembarc.a(hx_drv_pmu.o)
                0x10008610                hx_drv_pmu_init
 .text.hx_drv_pmu_get_ctrl
                0x10008698      0xc34 obj_socket_24/gnu_arcem9d_wei_r16/libembarc.a(hx_drv_pmu.o)
                0x10008698                hx_drv_pmu_get_ctrl
 .text.hx_drv_pmu_get_bootflow
                0x100092cc       0x2c obj_socket_24/gnu_arcem9d_wei_r16/libembarc.a(hx_drv_pmu.o)
                0x100092cc                hx_drv_pmu_get_bootflow
 .text.pwm_0_isr
                0x100092f8       0x10 obj_socket_24/gnu_arcem9d_wei_r16/libembarc.a(hx_drv_pwm.o)
 .text.pwm_1_isr
                0x10009308       0x10 obj_socket_24/gnu_arcem9d_wei_r16/libembarc.a(hx_drv_pwm.o)
 .text.pwm_2_isr
                0x10009318       0x10 obj_socket_24/gnu_arcem9d_wei_r16/libembarc.a(hx_drv_pwm.o)
 .text.hx_drv_pwm_init
                0x10009328       0xd4 obj_socket_24/gnu_arcem9d_wei_r16/libembarc.a(hx_drv_pwm.o)
                0x10009328                hx_drv_pwm_init
 .text.rtc_sen_isr
                0x100093fc       0x10 obj_socket_24/gnu_arcem9d_wei_r16/libembarc.a(hx_drv_rtc.o)
 .text.rtc_adc_isr
                0x1000940c       0x10 obj_socket_24/gnu_arcem9d_wei_r16/libembarc.a(hx_drv_rtc.o)
 .text.hx_drv_rtc_init
                0x1000941c       0x78 obj_socket_24/gnu_arcem9d_wei_r16/libembarc.a(hx_drv_rtc.o)
                0x1000941c                hx_drv_rtc_init
 .text.hx_drv_sensorctrl_init
                0x10009494        0x4 obj_socket_24/gnu_arcem9d_wei_r16/libembarc.a(hx_drv_sensorctrl.o)
                0x10009494                hx_drv_sensorctrl_init
 .text.hx_drv_tpg_init
                0x10009498       0x14 obj_socket_24/gnu_arcem9d_wei_r16/libembarc.a(hx_drv_tpg.o)
                0x10009498                hx_drv_tpg_init
 .text.ss_iic_mask_interrupt
                0x100094ac       0x14 obj_socket_24/gnu_arcem9d_wei_r16/libembarc.a(ss_i2c_slave.o)
 .text.ss_iic_slave_open
                0x100094c0       0xf8 obj_socket_24/gnu_arcem9d_wei_r16/libembarc.a(ss_i2c_slave.o)
                0x100094c0                ss_iic_slave_open
 .text.ss_iic_slave_close
                0x100095b8       0x48 obj_socket_24/gnu_arcem9d_wei_r16/libembarc.a(ss_i2c_slave.o)
                0x100095b8                ss_iic_slave_close
 .text.ss_iic_slave_write
                0x10009600       0x34 obj_socket_24/gnu_arcem9d_wei_r16/libembarc.a(ss_i2c_slave.o)
                0x10009600                ss_iic_slave_write
 .text.ss_iic_slave_control
                0x10009634      0x194 obj_socket_24/gnu_arcem9d_wei_r16/libembarc.a(ss_i2c_slave.o)
                0x10009634                ss_iic_slave_control
 .text.ss_iic_slave_read
                0x100097c8       0x48 obj_socket_24/gnu_arcem9d_wei_r16/libembarc.a(ss_i2c_slave.o)
                0x100097c8                ss_iic_slave_read
 .text.ss_iic_slave_tx_cb
                0x10009810        0xc obj_socket_24/gnu_arcem9d_wei_r16/libembarc.a(ss_i2c_slave.o)
                0x10009810                ss_iic_slave_tx_cb
 .text.ss_iic_slave_rx_cb
                0x1000981c        0xc obj_socket_24/gnu_arcem9d_wei_r16/libembarc.a(ss_i2c_slave.o)
                0x1000981c                ss_iic_slave_rx_cb
 .text.ss_iic_slave_err_cb
                0x10009828        0xc obj_socket_24/gnu_arcem9d_wei_r16/libembarc.a(ss_i2c_slave.o)
                0x10009828                ss_iic_slave_err_cb
 .text.i2c_slv0_err_ISR
                0x10009834       0x3c obj_socket_24/gnu_arcem9d_wei_r16/libembarc.a(i2c_slave.o)
 .text.i2c_slv0_rd_req_ISR
                0x10009870       0x9c obj_socket_24/gnu_arcem9d_wei_r16/libembarc.a(i2c_slave.o)
 .text.i2c_slv0_stop_det_ISR
                0x1000990c      0x134 obj_socket_24/gnu_arcem9d_wei_r16/libembarc.a(i2c_slave.o)
 .text.i2c_slv0_tx_req_ISR
                0x10009a40       0x80 obj_socket_24/gnu_arcem9d_wei_r16/libembarc.a(i2c_slave.o)
 .text.i2c_slv0_rx_avail_ISR
                0x10009ac0       0x94 obj_socket_24/gnu_arcem9d_wei_r16/libembarc.a(i2c_slave.o)
 .text.io_i2c_slave_open
                0x10009b54      0x108 obj_socket_24/gnu_arcem9d_wei_r16/libembarc.a(i2c_slave.o)
                0x10009b54                io_i2c_slave_open
 .text.io_i2c_slave_close
                0x10009c5c      0x120 obj_socket_24/gnu_arcem9d_wei_r16/libembarc.a(i2c_slave.o)
                0x10009c5c                io_i2c_slave_close
 .text.io_i2c_slave_read
                0x10009d7c      0x110 obj_socket_24/gnu_arcem9d_wei_r16/libembarc.a(i2c_slave.o)
                0x10009d7c                io_i2c_slave_read
 .text.io_i2c_slave_write
                0x10009e8c       0xfc obj_socket_24/gnu_arcem9d_wei_r16/libembarc.a(i2c_slave.o)
                0x10009e8c                io_i2c_slave_write
 .text.io_i2c_slave_ioctl
                0x10009f88      0x11c obj_socket_24/gnu_arcem9d_wei_r16/libembarc.a(i2c_slave.o)
                0x10009f88                io_i2c_slave_ioctl
 .text.create_dma_descriptor_rx
                0x1000a0a4       0x64 obj_socket_24/gnu_arcem9d_wei_r16/libembarc.a(uart.o)
 .text.create_dma_descriptor_tx
                0x1000a108       0x64 obj_socket_24/gnu_arcem9d_wei_r16/libembarc.a(uart.o)
 .text.uart_dma_complete_cb
                0x1000a16c       0x3c obj_socket_24/gnu_arcem9d_wei_r16/libembarc.a(uart.o)
 .text.uart_dmarx_isr_proc
                0x1000a1a8       0x7c obj_socket_24/gnu_arcem9d_wei_r16/libembarc.a(uart.o)
 .text.uart1_dmarx_ISR
                0x1000a224        0x8 obj_socket_24/gnu_arcem9d_wei_r16/libembarc.a(uart.o)
 .text.uart0_dmarx_ISR
                0x1000a22c        0x8 obj_socket_24/gnu_arcem9d_wei_r16/libembarc.a(uart.o)
 .text.uart_dmatx_isr_proc
                0x1000a234       0x70 obj_socket_24/gnu_arcem9d_wei_r16/libembarc.a(uart.o)
 .text.uart1_dmatx_ISR
                0x1000a2a4        0x8 obj_socket_24/gnu_arcem9d_wei_r16/libembarc.a(uart.o)
 .text.uart0_dmatx_ISR
                0x1000a2ac        0x8 obj_socket_24/gnu_arcem9d_wei_r16/libembarc.a(uart.o)
 .text.uart_isr_proc
                0x1000a2b4      0x2c4 obj_socket_24/gnu_arcem9d_wei_r16/libembarc.a(uart.o)
 .text.uart1_ISR
                0x1000a578        0x8 obj_socket_24/gnu_arcem9d_wei_r16/libembarc.a(uart.o)
 .text.uart0_ISR
                0x1000a580        0x8 obj_socket_24/gnu_arcem9d_wei_r16/libembarc.a(uart.o)
 .text.io_uart_open
                0x1000a588      0x110 obj_socket_24/gnu_arcem9d_wei_r16/libembarc.a(uart.o)
                0x1000a588                io_uart_open
 .text.io_uart_close
                0x1000a698       0x9c obj_socket_24/gnu_arcem9d_wei_r16/libembarc.a(uart.o)
                0x1000a698                io_uart_close
 .text.io_uart_read
                0x1000a734       0xd4 obj_socket_24/gnu_arcem9d_wei_r16/libembarc.a(uart.o)
                0x1000a734                io_uart_read
 .text.io_uart_write
                0x1000a808       0xe0 obj_socket_24/gnu_arcem9d_wei_r16/libembarc.a(uart.o)
                0x1000a808                io_uart_write
 .text.io_uart_ioctl
                0x1000a8e8      0x188 obj_socket_24/gnu_arcem9d_wei_r16/libembarc.a(uart.o)
                0x1000a8e8                io_uart_ioctl
 .text.hx_clear_bss
                0x1000aa70       0x4c obj_socket_24/gnu_arcem9d_wei_r16/libbss.a(hx_bss_handle.o)
                0x1000aa70                hx_clear_bss
 .text          0x1000aabc       0x80 c:/arc_gnu/bin/../lib/gcc/arc-elf32/9.2.1/../../../../arc-elf32/lib/em4_fpus\libc.a(lib_a-memcpy-bs.o)
                0x1000aabc                memcpy
 .text          0x1000ab3c       0x6c c:/arc_gnu/bin/../lib/gcc/arc-elf32/9.2.1/../../../../arc-elf32/lib/em4_fpus\libc.a(lib_a-memset-bs.o)
                0x1000ab3c                memset
                0x1000ab90                __strncpy_bzero
 .text          0x1000aba8       0x60 c:/arc_gnu/bin/../lib/gcc/arc-elf32/9.2.1/../../../../arc-elf32/lib/em4_fpus\libc.a(lib_a-printf.o)
                0x1000aba8                _printf_r
                0x1000abd4                printf
 .text          0x1000ac08     0x18e0 c:/arc_gnu/bin/../lib/gcc/arc-elf32/9.2.1/../../../../arc-elf32/lib/em4_fpus\libc.a(lib_a-vfprintf.o)
                0x1000ac08                _vfprintf_r
                0x1000c448                vfprintf
 .text          0x1000c4e8      0x108 c:/arc_gnu/bin/../lib/gcc/arc-elf32/9.2.1/../../../../arc-elf32/lib/em4_fpus\libc.a(lib_a-wsetup.o)
                0x1000c4e8                __swsetup_r
 .text          0x1000c5f0     0x1294 c:/arc_gnu/bin/../lib/gcc/arc-elf32/9.2.1/../../../../arc-elf32/lib/em4_fpus\libc.a(lib_a-dtoa.o)
                0x1000c760                _dtoa_r
 .text          0x1000d884      0x218 c:/arc_gnu/bin/../lib/gcc/arc-elf32/9.2.1/../../../../arc-elf32/lib/em4_fpus\libc.a(lib_a-fflush.o)
                0x1000d884                __sflush_r
                0x1000da3c                _fflush_r
                0x1000da7c                fflush
 .text          0x1000da9c      0x29c c:/arc_gnu/bin/../lib/gcc/arc-elf32/9.2.1/../../../../arc-elf32/lib/em4_fpus\libc.a(lib_a-findfp.o)
                0x1000daa0                _cleanup_r
                0x1000dbf0                __sfmoreglue
                0x1000dc34                __sfp
                0x1000dcf0                _cleanup
                0x1000dd04                __sinit
                0x1000dd10                __sfp_lock_acquire
                0x1000dd14                __sfp_lock_release
                0x1000dd18                __sinit_lock_acquire
                0x1000dd1c                __sinit_lock_release
                0x1000dd20                __fp_lock_all
                0x1000dd2c                __fp_unlock_all
 .text          0x1000dd38      0x338 c:/arc_gnu/bin/../lib/gcc/arc-elf32/9.2.1/../../../../arc-elf32/lib/em4_fpus\libc.a(lib_a-freer.o)
                0x1000dd38                _malloc_trim_r
                0x1000de10                _free_r
 .text          0x1000e070       0xec c:/arc_gnu/bin/../lib/gcc/arc-elf32/9.2.1/../../../../arc-elf32/lib/em4_fpus\libc.a(lib_a-fwalk.o)
                0x1000e070                _fwalk
                0x1000e0e0                _fwalk_reent
 .text          0x1000e15c       0x18 c:/arc_gnu/bin/../lib/gcc/arc-elf32/9.2.1/../../../../arc-elf32/lib/em4_fpus\libc.a(lib_a-localeconv.o)
                0x1000e15c                __localeconv_l
                0x1000e164                _localeconv_r
                0x1000e16c                localeconv
 .text          0x1000e174      0x144 c:/arc_gnu/bin/../lib/gcc/arc-elf32/9.2.1/../../../../arc-elf32/lib/em4_fpus\libc.a(lib_a-makebuf.o)
                0x1000e174                __swhatbuf_r
                0x1000e1f4                __smakebuf_r
 .text          0x1000e2b8      0x6a0 c:/arc_gnu/bin/../lib/gcc/arc-elf32/9.2.1/../../../../arc-elf32/lib/em4_fpus\libc.a(lib_a-mallocr.o)
                0x1000e2b8                _malloc_r
 .text          0x1000e958       0xb8 c:/arc_gnu/bin/../lib/gcc/arc-elf32/9.2.1/../../../../arc-elf32/lib/em4_fpus\libc.a(lib_a-memchr.o)
                0x1000e958                memchr
 .text          0x1000ea10        0x8 c:/arc_gnu/bin/../lib/gcc/arc-elf32/9.2.1/../../../../arc-elf32/lib/em4_fpus\libc.a(lib_a-mlock.o)
                0x1000ea10                __malloc_lock
                0x1000ea14                __malloc_unlock
 .text          0x1000ea18      0xc40 c:/arc_gnu/bin/../lib/gcc/arc-elf32/9.2.1/../../../../arc-elf32/lib/em4_fpus\libc.a(lib_a-mprec.o)
                0x1000ea18                _Balloc
                0x1000ea90                _Bfree
                0x1000eaac                __multadd
                0x1000eb7c                __s2b
                0x1000ec48                __hi0bits
                0x1000ec94                __lo0bits
                0x1000ed1c                __i2b
                0x1000ed38                __multiply
                0x1000eed8                __pow5mult
                0x1000efac                __lshift
                0x1000f0d4                __mcmp
                0x1000f11c                __mdiff
                0x1000f2ac                __ulp
                0x1000f2fc                __b2d
                0x1000f3e8                __d2b
                0x1000f4e0                __ratio
                0x1000f55c                _mprec_log10
                0x1000f5b8                __copybits
                0x1000f614                __any_on
 .text          0x1000f658       0x38 c:/arc_gnu/bin/../lib/gcc/arc-elf32/9.2.1/../../../../arc-elf32/lib/em4_fpus\libc.a(lib_a-sbrkr.o)
                0x1000f658                _sbrk_r
 .text          0x1000f690       0xc8 c:/arc_gnu/bin/../lib/gcc/arc-elf32/9.2.1/../../../../arc-elf32/lib/em4_fpus\libc.a(lib_a-stdio.o)
                0x1000f690                __sread
                0x1000f6c8                __seofread
                0x1000f6cc                __swrite
                0x1000f718                __sseek
                0x1000f750                __sclose
 .text          0x1000f758       0x88 c:/arc_gnu/bin/../lib/gcc/arc-elf32/9.2.1/../../../../arc-elf32/lib/em4_fpus\libc.a(lib_a-strlen-bs-norm.o)
                0x1000f758                strlen
 .text          0x1000f7e0      0xeec c:/arc_gnu/bin/../lib/gcc/arc-elf32/9.2.1/../../../../arc-elf32/lib/em4_fpus\libc.a(lib_a-vfiprintf.o)
                0x1000f8a0                __sprint_r
                0x1000f8b0                _vfiprintf_r
                0x1001062c                vfiprintf
 .text          0x100106cc       0x3c c:/arc_gnu/bin/../lib/gcc/arc-elf32/9.2.1/../../../../arc-elf32/lib/em4_fpus\libc.a(lib_a-writer.o)
                0x100106cc                _write_r
 .text          0x10010708       0x90 c:/arc_gnu/bin/../lib/gcc/arc-elf32/9.2.1/../../../../arc-elf32/lib/em4_fpus\libc.a(lib_a-callocr.o)
                0x10010708                _calloc_r
 .text          0x10010798       0x38 c:/arc_gnu/bin/../lib/gcc/arc-elf32/9.2.1/../../../../arc-elf32/lib/em4_fpus\libc.a(lib_a-closer.o)
                0x10010798                _close_r
 .text          0x100107d0       0xc0 c:/arc_gnu/bin/../lib/gcc/arc-elf32/9.2.1/../../../../arc-elf32/lib/em4_fpus\libc.a(lib_a-fclose.o)
                0x100107d0                _fclose_r
                0x10010888                fclose
 .text          0x10010890      0x150 c:/arc_gnu/bin/../lib/gcc/arc-elf32/9.2.1/../../../../arc-elf32/lib/em4_fpus\libc.a(lib_a-fputwc.o)
                0x10010890                __fputwc
                0x10010958                _fputwc_r
                0x10010974                fputwc
 .text          0x100109e0       0x38 c:/arc_gnu/bin/../lib/gcc/arc-elf32/9.2.1/../../../../arc-elf32/lib/em4_fpus\libc.a(lib_a-fstatr.o)
                0x100109e0                _fstat_r
 .text          0x10010a18      0x3cc c:/arc_gnu/bin/../lib/gcc/arc-elf32/9.2.1/../../../../arc-elf32/lib/em4_fpus\libc.a(lib_a-fvwrite.o)
                0x10010a18                __sfvwrite_r
 .text          0x10010de4       0x38 c:/arc_gnu/bin/../lib/gcc/arc-elf32/9.2.1/../../../../arc-elf32/lib/em4_fpus\libc.a(lib_a-isattyr.o)
                0x10010de4                _isatty_r
 .text          0x10010e1c       0x64 c:/arc_gnu/bin/../lib/gcc/arc-elf32/9.2.1/../../../../arc-elf32/lib/em4_fpus\libc.a(lib_a-locale.o)
                0x10010e1c                _setlocale_r
                0x10010e68                __locale_mb_cur_max
                0x10010e74                setlocale
 .text          0x10010e80       0x3c c:/arc_gnu/bin/../lib/gcc/arc-elf32/9.2.1/../../../../arc-elf32/lib/em4_fpus\libc.a(lib_a-lseekr.o)
                0x10010e80                _lseek_r
 .text          0x10010ebc       0x54 c:/arc_gnu/bin/../lib/gcc/arc-elf32/9.2.1/../../../../arc-elf32/lib/em4_fpus\libc.a(lib_a-mbtowc_r.o)
                0x10010ebc                _mbtowc_r
                0x10010ec8                __ascii_mbtowc
 .text          0x10010f10      0x11c c:/arc_gnu/bin/../lib/gcc/arc-elf32/9.2.1/../../../../arc-elf32/lib/em4_fpus\libc.a(lib_a-memmove.o)
                0x10010f10                memmove
 .text          0x1001102c       0x3c c:/arc_gnu/bin/../lib/gcc/arc-elf32/9.2.1/../../../../arc-elf32/lib/em4_fpus\libc.a(lib_a-readr.o)
                0x1001102c                _read_r
 .text          0x10011068      0x484 c:/arc_gnu/bin/../lib/gcc/arc-elf32/9.2.1/../../../../arc-elf32/lib/em4_fpus\libc.a(lib_a-reallocr.o)
                0x10011068                _realloc_r
 .text          0x100114ec       0x90 c:/arc_gnu/bin/../lib/gcc/arc-elf32/9.2.1/../../../../arc-elf32/lib/em4_fpus\libc.a(lib_a-strcmp.o)
                0x100114ec                strcmp
 .text          0x1001157c       0xf8 c:/arc_gnu/bin/../lib/gcc/arc-elf32/9.2.1/../../../../arc-elf32/lib/em4_fpus\libc.a(lib_a-wbuf.o)
                0x1001157c                __swbuf_r
                0x10011668                __swbuf
 .text          0x10011674       0xb0 c:/arc_gnu/bin/../lib/gcc/arc-elf32/9.2.1/../../../../arc-elf32/lib/em4_fpus\libc.a(lib_a-wcrtomb.o)
                0x10011674                _wcrtomb_r
                0x100116cc                wcrtomb
 .text          0x10011724       0x2c c:/arc_gnu/bin/../lib/gcc/arc-elf32/9.2.1/../../../../arc-elf32/lib/em4_fpus\libc.a(lib_a-wctomb_r.o)
                0x10011724                _wctomb_r
                0x10011730                __ascii_wctomb
 .text.__udivdi3
                0x10011750      0x36c c:/arc_gnu/bin/../lib/gcc/arc-elf32/9.2.1/em4_fpus\libgcc.a(_udivdi3.o)
                0x10011750                __udivdi3
 .text.__umoddi3
                0x10011abc      0x2f0 c:/arc_gnu/bin/../lib/gcc/arc-elf32/9.2.1/em4_fpus\libgcc.a(_umoddi3.o)
                0x10011abc                __umoddi3
 .text._fpadd_parts
                0x10011dac      0x2ec c:/arc_gnu/bin/../lib/gcc/arc-elf32/9.2.1/em4_fpus\libgcc.a(dp-bit.o)
 .text.__pack_d
                0x10012098      0x1b8 c:/arc_gnu/bin/../lib/gcc/arc-elf32/9.2.1/em4_fpus\libgcc.a(dp-bit.o)
                0x10012098                __pack_d
 .text.__unpack_d
                0x10012250       0xc4 c:/arc_gnu/bin/../lib/gcc/arc-elf32/9.2.1/em4_fpus\libgcc.a(dp-bit.o)
                0x10012250                __unpack_d
 .text.__adddf3
                0x10012314       0x30 c:/arc_gnu/bin/../lib/gcc/arc-elf32/9.2.1/em4_fpus\libgcc.a(dp-bit.o)
                0x10012314                __adddf3
 .text.__subdf3
                0x10012344       0x3c c:/arc_gnu/bin/../lib/gcc/arc-elf32/9.2.1/em4_fpus\libgcc.a(dp-bit.o)
                0x10012344                __subdf3
 .text.__muldf3
                0x10012380      0x220 c:/arc_gnu/bin/../lib/gcc/arc-elf32/9.2.1/em4_fpus\libgcc.a(dp-bit.o)
                0x10012380                __muldf3
 .text.__divdf3
                0x100125a0      0x168 c:/arc_gnu/bin/../lib/gcc/arc-elf32/9.2.1/em4_fpus\libgcc.a(dp-bit.o)
                0x100125a0                __divdf3
 .text.__fpcmp_parts_d
                0x10012708       0xe8 c:/arc_gnu/bin/../lib/gcc/arc-elf32/9.2.1/em4_fpus\libgcc.a(dp-bit.o)
                0x10012708                __fpcmp_parts_d
 .text.__eqdf2  0x100127f0       0x44 c:/arc_gnu/bin/../lib/gcc/arc-elf32/9.2.1/em4_fpus\libgcc.a(dp-bit.o)
                0x100127f0                __eqdf2
 .text.__nedf2  0x10012834        0x4 c:/arc_gnu/bin/../lib/gcc/arc-elf32/9.2.1/em4_fpus\libgcc.a(dp-bit.o)
                0x10012834                __nedf2
 .text.__gtdf2  0x10012838       0x44 c:/arc_gnu/bin/../lib/gcc/arc-elf32/9.2.1/em4_fpus\libgcc.a(dp-bit.o)
                0x10012838                __gtdf2
 .text.__ltdf2  0x1001287c        0x4 c:/arc_gnu/bin/../lib/gcc/arc-elf32/9.2.1/em4_fpus\libgcc.a(dp-bit.o)
                0x1001287c                __ltdf2
 .text.__ledf2  0x10012880        0x4 c:/arc_gnu/bin/../lib/gcc/arc-elf32/9.2.1/em4_fpus\libgcc.a(dp-bit.o)
                0x10012880                __ledf2
 .text.__unorddf2
                0x10012884       0x3c c:/arc_gnu/bin/../lib/gcc/arc-elf32/9.2.1/em4_fpus\libgcc.a(dp-bit.o)
                0x10012884                __unorddf2
 .text.__floatsidf
                0x100128c0       0x7c c:/arc_gnu/bin/../lib/gcc/arc-elf32/9.2.1/em4_fpus\libgcc.a(dp-bit.o)
                0x100128c0                __floatsidf
 .text.__floatunsidf
                0x1001293c       0x60 c:/arc_gnu/bin/../lib/gcc/arc-elf32/9.2.1/em4_fpus\libgcc.a(dp-bit.o)
                0x1001293c                __floatunsidf
 .text.__fixdfsi
                0x1001299c       0xac c:/arc_gnu/bin/../lib/gcc/arc-elf32/9.2.1/em4_fpus\libgcc.a(dp-bit.o)
                0x1001299c                __fixdfsi
 .text.init_stdio_serial.part.0
                0x10012a48       0x44 obj_socket_24/gnu_arcem9d_wei_r16/libembarc.a(embARC_syscalls.o)
 .text._close   0x10012a8c        0x8 obj_socket_24/gnu_arcem9d_wei_r16/libembarc.a(embARC_syscalls.o)
                0x10012a8c                _close
 .text._read    0x10012a94       0x5c obj_socket_24/gnu_arcem9d_wei_r16/libembarc.a(embARC_syscalls.o)
                0x10012a94                _read
 .text._write   0x10012af0       0x78 obj_socket_24/gnu_arcem9d_wei_r16/libembarc.a(embARC_syscalls.o)
                0x10012af0                _write
 .text._lseek   0x10012b68        0x8 obj_socket_24/gnu_arcem9d_wei_r16/libembarc.a(embARC_syscalls.o)
                0x10012b68                _lseek
 .text._isatty  0x10012b70       0x10 obj_socket_24/gnu_arcem9d_wei_r16/libembarc.a(embARC_syscalls.o)
                0x10012b70                _isatty
 .text._fstat   0x10012b80       0x1c obj_socket_24/gnu_arcem9d_wei_r16/libembarc.a(embARC_syscalls.o)
                0x10012b80                _fstat
 .text._sbrk    0x10012b9c       0x3c obj_socket_24/gnu_arcem9d_wei_r16/libembarc.a(embARC_sbrk.o)
                0x10012b9c                _sbrk
 .text          0x10012bd8        0x4 c:/arc_gnu/bin/../lib/gcc/arc-elf32/9.2.1/../../../../arc-elf32/lib/em4_fpus\libc.a(lib_a-errno.o)
                0x10012bd8                __errno
 *(.gnu.warning)
                0x10012bdc                . = ALIGN (0x4)
 *(.mli_lib.*)
 *(SORT_NONE(.fini))
                [!provide]                PROVIDE (__etext = .)
                [!provide]                PROVIDE (_etext = .)
                [!provide]                PROVIDE (etext = .)
                0x10012bdc                PROVIDE (_e_text = .)

.jcr
 *(.jcr)

.eh_frame
 *(.eh_frame)

.gcc_except_table
 *(.gcc_except_table)
 *(.gcc_except_table.*)

.plt
 *(.plt)

.jlitab         0x20020800        0x0
                0x20020800                __JLI_TABLE__ = .
 jlitab*.o:(.jlitab*)
 *(.jlitab*)

.read_only_data
                0x20020800      0x7c4
                0x20020800                PROVIDE (_f_rodata = .)
 *(.rodata)
 .rodata        0x20020800      0x184 c:/arc_gnu/bin/../lib/gcc/arc-elf32/9.2.1/../../../../arc-elf32/lib/em4_fpus\libc.a(lib_a-vfprintf.o)
 .rodata        0x20020984       0x10 c:/arc_gnu/bin/../lib/gcc/arc-elf32/9.2.1/../../../../arc-elf32/lib/em4_fpus\libc.a(lib_a-dtoa.o)
 .rodata        0x20020994        0x4 c:/arc_gnu/bin/../lib/gcc/arc-elf32/9.2.1/../../../../arc-elf32/lib/em4_fpus\libc.a(lib_a-impure.o)
                0x20020994                _global_impure_ptr
 .rodata        0x20020998      0x124 c:/arc_gnu/bin/../lib/gcc/arc-elf32/9.2.1/../../../../arc-elf32/lib/em4_fpus\libc.a(lib_a-mprec.o)
                0x200209a4                __mprec_tinytens
                0x200209cc                __mprec_bigtens
                0x200209f4                __mprec_tens
 .rodata        0x20020abc      0x184 c:/arc_gnu/bin/../lib/gcc/arc-elf32/9.2.1/../../../../arc-elf32/lib/em4_fpus\libc.a(lib_a-vfiprintf.o)
 .rodata        0x20020c40      0x104 c:/arc_gnu/bin/../lib/gcc/arc-elf32/9.2.1/../../../../arc-elf32/lib/em4_fpus\libc.a(lib_a-ctype_.o)
                0x20020c40                _ctype_
 *(.rodata.*)
 .rodata.get_joystick_state.str1.4
                0x20020d44        0xe obj_socket_24/gnu_arcem9d_wei_r16//./src/joystick.o
                                 0x10 (size before relaxing)
 *fill*         0x20020d52        0x2 
 .rodata.show_joystick_state.str1.4
                0x20020d54       0x13 obj_socket_24/gnu_arcem9d_wei_r16//./src/joystick.o
                                 0x14 (size before relaxing)
 *fill*         0x20020d67        0x1 
 .rodata.main.str1.4
                0x20020d68       0x26 obj_socket_24/gnu_arcem9d_wei_r16//./src/main.o
                                 0x28 (size before relaxing)
 *fill*         0x20020d8e        0x2 
 .rodata.__func__.4106
                0x20020d90        0x8 obj_socket_24/gnu_arcem9d_wei_r16//./src/main.o
 .rodata.int_handler_default.str1.4
                0x20020d98       0x3c obj_socket_24/gnu_arcem9d_wei_r16/libembarc.a(arc_exception.o)
 .rodata.exc_handler_default.str1.4
                0x20020dd4       0x55 obj_socket_24/gnu_arcem9d_wei_r16/libembarc.a(arc_exception.o)
                                 0x58 (size before relaxing)
 *fill*         0x20020e29        0x3 
 .rodata.i2c_mst_err_ISR_proc.str1.4
                0x20020e2c       0x65 obj_socket_24/gnu_arcem9d_wei_r16/libembarc.a(i2c_master.o)
                                 0x68 (size before relaxing)
 *fill*         0x20020e91        0x3 
 .rodata.str1.4
                0x20020e94        0x5 obj_socket_24/gnu_arcem9d_wei_r16/libembarc.a(board.o)
                                  0x8 (size before relaxing)
 *fill*         0x20020e99        0x3 
 .rodata.xprintf_setup.str1.4
                0x20020e9c       0x28 obj_socket_24/gnu_arcem9d_wei_r16/libembarc.a(console_io.o)
 .rodata.i2c_slv0_rd_req_ISR.str1.4
                0x20020ec4       0x44 obj_socket_24/gnu_arcem9d_wei_r16/libembarc.a(i2c_slave.o)
 .rodata.io_i2c_slave_ioctl.str1.4
                0x20020f08       0x30 obj_socket_24/gnu_arcem9d_wei_r16/libembarc.a(i2c_slave.o)
 .rodata.str1.4
                0x20020f38       0x42 c:/arc_gnu/bin/../lib/gcc/arc-elf32/9.2.1/../../../../arc-elf32/lib/em4_fpus\libc.a(lib_a-vfprintf.o)
                                 0x44 (size before relaxing)
 *fill*         0x20020f7a        0x2 
 .rodata.str1.4
                0x20020f7c        0xd c:/arc_gnu/bin/../lib/gcc/arc-elf32/9.2.1/../../../../arc-elf32/lib/em4_fpus\libc.a(lib_a-dtoa.o)
                                 0x14 (size before relaxing)
 .rodata.str1.4
                0x20020f89       0x30 c:/arc_gnu/bin/../lib/gcc/arc-elf32/9.2.1/../../../../arc-elf32/lib/em4_fpus\libc.a(lib_a-vfiprintf.o)
 *fill*         0x20020f89        0x3 
 .rodata.str1.4
                0x20020f8c        0xe c:/arc_gnu/bin/../lib/gcc/arc-elf32/9.2.1/../../../../arc-elf32/lib/em4_fpus\libc.a(lib_a-locale.o)
                                 0x14 (size before relaxing)
 *fill*         0x20020f9a        0x2 
 .rodata.__thenan_df
                0x20020f9c       0x14 c:/arc_gnu/bin/../lib/gcc/arc-elf32/9.2.1/em4_fpus\libgcc.a(dp-bit.o)
                0x20020f9c                __thenan_df
 .rodata.str1.4
                0x20020fb0        0x4 c:/arc_gnu/bin/../lib/gcc/arc-elf32/9.2.1/../../../../arc-elf32/lib/em4_fpus\libc.a(lib_a-tzvars.o)
 *(.gnu.linkonce.r.*)
 *(.rodata1)
                0x20020fb4                . = ALIGN (0x4)
                0x20020fb4                __CTOR_LIST__ = .
                0x20020fb4        0x4 LONG 0x0 (((__CTOR_END__ - __CTOR_LIST__) / 0x4) - 0x2)
 *(SORT_BY_NAME(.ctors*))
                0x20020fb8        0x4 LONG 0x0
                0x20020fbc                __CTOR_END__ = .
                0x20020fbc                . = ALIGN (0x4)
                0x20020fbc                __init_array_start = .
 *(SORT_BY_NAME(.init_array*))
                0x20020fbc                __init_array_end = .
                0x20020fbc                . = ALIGN (0x4)
                0x20020fbc                __DTOR_LIST__ = .
                0x20020fbc        0x4 LONG 0x0 (((__DTOR_END__ - __DTOR_LIST__) / 0x4) - 0x2)
 *(SORT_BY_NAME(.dtors*))
                0x20020fc0        0x4 LONG 0x0
                0x20020fc4                __DTOR_END__ = .
                0x20020fc4                PROVIDE (_e_rodata = .)

.data           0x20020fc4     0x12f0
                [!provide]                PROVIDE (__data_image = .)
                [!provide]                PROVIDE (__data_start = .)
 *(.data)
 .data          0x20020fc4        0x0 obj_socket_24/gnu_arcem9d_wei_r16//./src/joystick.o
 .data          0x20020fc4        0x0 obj_socket_24/gnu_arcem9d_wei_r16//./src/main.o
 .data          0x20020fc4        0x0 obj_socket_24/gnu_arcem9d_wei_r16/libembarc.a(hx_drv_iic_m.o)
 .data          0x20020fc4        0x0 obj_socket_24/gnu_arcem9d_wei_r16/libembarc.a(hx_drv_timer.o)
 .data          0x20020fc4        0x0 obj_socket_24/gnu_arcem9d_wei_r16/libembarc.a(arc_exception.o)
 .data          0x20020fc4        0x0 obj_socket_24/gnu_arcem9d_wei_r16/libembarc.a(arc_timer.o)
 .data          0x20020fc4        0x0 obj_socket_24/gnu_arcem9d_wei_r16/libembarc.a(arc_exc_asm.o)
 .data          0x20020fc4        0x0 obj_socket_24/gnu_arcem9d_wei_r16/libembarc.a(arc_startup.o)
 .data          0x20020fc4        0x0 obj_socket_24/gnu_arcem9d_wei_r16/libembarc.a(xprintf.o)
 .data          0x20020fc4        0x0 obj_socket_24/gnu_arcem9d_wei_r16/libembarc.a(ss_i2c_master.o)
 .data          0x20020fc4        0x0 obj_socket_24/gnu_arcem9d_wei_r16/libembarc.a(i2c_master.o)
 .data          0x20020fc4        0x0 obj_socket_24/gnu_arcem9d_wei_r16/libembarc.a(board.o)
 .data          0x20020fc4        0x0 obj_socket_24/gnu_arcem9d_wei_r16/libembarc.a(arc_udma.o)
 .data          0x20020fc4        0x0 obj_socket_24/gnu_arcem9d_wei_r16/libembarc.a(arc_dmac.o)
 .data          0x20020fc4        0x0 obj_socket_24/gnu_arcem9d_wei_r16/libembarc.a(arc_cxx_support.o)
 .data          0x20020fc4        0x0 obj_socket_24/gnu_arcem9d_wei_r16/libembarc.a(console_io.o)
 .data          0x20020fc4        0x0 obj_socket_24/gnu_arcem9d_wei_r16/libembarc.a(event.o)
 .data          0x20020fc4        0x0 obj_socket_24/gnu_arcem9d_wei_r16/libembarc.a(hx_drv_uart.o)
 .data          0x20020fc4        0x0 obj_socket_24/gnu_arcem9d_wei_r16/libembarc.a(socket_init.o)
 .data          0x20020fc4        0x0 obj_socket_24/gnu_arcem9d_wei_r16/libembarc.a(embARC_misc.o)
 .data          0x20020fc4        0x0 obj_socket_24/gnu_arcem9d_wei_r16/libembarc.a(i2c_comm.o)
 .data          0x20020fc4        0x0 obj_socket_24/gnu_arcem9d_wei_r16/libembarc.a(ccitt_crc16.o)
 .data          0x20020fc4        0x0 obj_socket_24/gnu_arcem9d_wei_r16/libembarc.a(powermode.o)
 .data          0x20020fc4        0x0 obj_socket_24/gnu_arcem9d_wei_r16/libembarc.a(sensor_dp_lib.o)
 .data          0x20020fc4        0x0 obj_socket_24/gnu_arcem9d_wei_r16/libembarc.a(sensor_dp_hw5x5_jpeg.o)
 .data          0x20020fc4        0x0 obj_socket_24/gnu_arcem9d_wei_r16/libembarc.a(sensor_dp_tpg_jpeg.o)
 .data          0x20020fc4        0x0 obj_socket_24/gnu_arcem9d_wei_r16/libembarc.a(hx_drv_hw2x2.o)
 .data          0x20020fc4        0x0 obj_socket_24/gnu_arcem9d_wei_r16/libembarc.a(hx_drv_hw5x5.o)
 .data          0x20020fc4        0x0 obj_socket_24/gnu_arcem9d_wei_r16/libembarc.a(hx_drv_cdm.o)
 .data          0x20020fc4        0x0 obj_socket_24/gnu_arcem9d_wei_r16/libembarc.a(hx_drv_dp.o)
 .data          0x20020fc4        0x0 obj_socket_24/gnu_arcem9d_wei_r16/libembarc.a(hx_drv_hog.o)
 .data          0x20020fc4        0x0 obj_socket_24/gnu_arcem9d_wei_r16/libembarc.a(hx_drv_hogdma.o)
 .data          0x20020fc4        0x0 obj_socket_24/gnu_arcem9d_wei_r16/libembarc.a(hx_drv_jpeg.o)
 .data          0x20020fc4        0x0 obj_socket_24/gnu_arcem9d_wei_r16/libembarc.a(hx_drv_rs.o)
 .data          0x20020fc4        0x0 obj_socket_24/gnu_arcem9d_wei_r16/libembarc.a(hx_drv_rsdma.o)
 .data          0x20020fc4        0x0 obj_socket_24/gnu_arcem9d_wei_r16/libembarc.a(hx_drv_xdma.o)
 .data          0x20020fc4        0x0 obj_socket_24/gnu_arcem9d_wei_r16/libembarc.a(hx_drv_iic_s.o)
 .data          0x20020fc4        0x0 obj_socket_24/gnu_arcem9d_wei_r16/libembarc.a(hx_drv_iomux.o)
 .data          0x20020fc4        0x0 obj_socket_24/gnu_arcem9d_wei_r16/libembarc.a(hx_drv_spi_m.o)
 .data          0x20020fc4        0x0 obj_socket_24/gnu_arcem9d_wei_r16/libembarc.a(dw_spi.o)
 .data          0x20020fc4        0x0 obj_socket_24/gnu_arcem9d_wei_r16/libembarc.a(hx_drv_spi_s.o)
 .data          0x20020fc4        0x0 obj_socket_24/gnu_arcem9d_wei_r16/libembarc.a(ss_spi_slave.o)
 .data          0x20020fc4        0x0 obj_socket_24/gnu_arcem9d_wei_r16/libembarc.a(spi_slave.o)
 .data          0x20020fc4        0x0 obj_socket_24/gnu_arcem9d_wei_r16/libembarc.a(ss_uart.o)
 .data          0x20020fc4        0x0 obj_socket_24/gnu_arcem9d_wei_r16/libembarc.a(hx_drv_adcc.o)
 .data          0x20020fc4        0x0 obj_socket_24/gnu_arcem9d_wei_r16/libembarc.a(hx_drv_ckgen.o)
 .data          0x20020fc4        0x0 obj_socket_24/gnu_arcem9d_wei_r16/libembarc.a(hx_drv_edm.o)
 .data          0x20020fc4        0x0 obj_socket_24/gnu_arcem9d_wei_r16/libembarc.a(hx_drv_inp.o)
 .data          0x20020fc4        0x0 obj_socket_24/gnu_arcem9d_wei_r16/libembarc.a(hx_drv_inp1bitparser.o)
 .data          0x20020fc4        0x0 obj_socket_24/gnu_arcem9d_wei_r16/libembarc.a(hx_drv_pmu.o)
 .data          0x20020fc4        0x0 obj_socket_24/gnu_arcem9d_wei_r16/libembarc.a(hx_drv_pwm.o)
 .data          0x20020fc4        0x0 obj_socket_24/gnu_arcem9d_wei_r16/libembarc.a(hx_drv_rtc.o)
 .data          0x20020fc4        0x0 obj_socket_24/gnu_arcem9d_wei_r16/libembarc.a(hx_drv_sensorctrl.o)
 .data          0x20020fc4        0x0 obj_socket_24/gnu_arcem9d_wei_r16/libembarc.a(hx_drv_tpg.o)
 .data          0x20020fc4        0x0 obj_socket_24/gnu_arcem9d_wei_r16/libembarc.a(sensor_dp_tpg_hw2x2.o)
 .data          0x20020fc4        0x0 obj_socket_24/gnu_arcem9d_wei_r16/libembarc.a(sensor_dp_raw_wdma2.o)
 .data          0x20020fc4        0x0 obj_socket_24/gnu_arcem9d_wei_r16/libembarc.a(sensor_dp_cdm.o)
 .data          0x20020fc4        0x0 obj_socket_24/gnu_arcem9d_wei_r16/libembarc.a(sensor_dp_rs.o)
 .data          0x20020fc4        0x0 obj_socket_24/gnu_arcem9d_wei_r16/libembarc.a(sensor_dp_jpegdec.o)
 .data          0x20020fc4        0x0 obj_socket_24/gnu_arcem9d_wei_r16/libembarc.a(sensor_dp_common.o)
 .data          0x20020fc4        0x0 obj_socket_24/gnu_arcem9d_wei_r16/libembarc.a(sensor_dp_intrawhw5x5.o)
 .data          0x20020fc4        0x0 obj_socket_24/gnu_arcem9d_wei_r16/libembarc.a(sensor_dp_hw2x2_cdm.o)
 .data          0x20020fc4        0x0 obj_socket_24/gnu_arcem9d_wei_r16/libembarc.a(sensor_dp_hw5x5demos_wdma3.o)
 .data          0x20020fc4        0x0 obj_socket_24/gnu_arcem9d_wei_r16/libembarc.a(sensor_dp_intnojpeg.o)
 .data          0x20020fc4        0x0 obj_socket_24/gnu_arcem9d_wei_r16/libembarc.a(sensor_dp_hw2x2.o)
 .data          0x20020fc4        0x0 obj_socket_24/gnu_arcem9d_wei_r16/libembarc.a(sensor_dp_int_hw5x5jpeg.o)
 .data          0x20020fc4        0x0 obj_socket_24/gnu_arcem9d_wei_r16/libembarc.a(sensor_dp_integrate.o)
 .data          0x20020fc4        0x0 obj_socket_24/gnu_arcem9d_wei_r16/libembarc.a(sensor_dp_hog.o)
 .data          0x20020fc4        0x0 obj_socket_24/gnu_arcem9d_wei_r16/libembarc.a(sensor_dp_int_hw2x2_hw5x5jpeg.o)
 .data          0x20020fc4        0x0 obj_socket_24/gnu_arcem9d_wei_r16/libembarc.a(ss_i2c_slave.o)
 .data          0x20020fc4        0x0 obj_socket_24/gnu_arcem9d_wei_r16/libembarc.a(i2c_slave.o)
 .data          0x20020fc4        0x0 obj_socket_24/gnu_arcem9d_wei_r16/libembarc.a(uart.o)
 .data          0x20020fc4        0x0 obj_socket_24/gnu_arcem9d_wei_r16/libbss.a(hx_bss_handle.o)
 .data          0x20020fc4        0x8 obj_socket_24/gnu_arcem9d_wei_r16/liblibsecurity.a(hx_hal_sec.o)
                0x20020fc8                g_cpu_clk
 .data          0x20020fcc       0x14 obj_socket_24/gnu_arcem9d_wei_r16/liblibsecurity.a(hx_drv_otp_ahb.o)
 .data          0x20020fe0        0x8 obj_socket_24/gnu_arcem9d_wei_r16/liblibsecurity.a(hx_drv_sec.o)
                0x20020fe4                g_sec_system_mem
 .data          0x20020fe8        0x0 c:/arc_gnu/bin/../lib/gcc/arc-elf32/9.2.1/../../../../arc-elf32/lib/em4_fpus\libm.a(lib_a-s_ceil.o)
 .data          0x20020fe8        0x0 c:/arc_gnu/bin/../lib/gcc/arc-elf32/9.2.1/../../../../arc-elf32/lib/em4_fpus\libc.a(lib_a-memcpy-bs.o)
 .data          0x20020fe8        0x0 c:/arc_gnu/bin/../lib/gcc/arc-elf32/9.2.1/../../../../arc-elf32/lib/em4_fpus\libc.a(lib_a-memset-bs.o)
 .data          0x20020fe8        0x0 c:/arc_gnu/bin/../lib/gcc/arc-elf32/9.2.1/../../../../arc-elf32/lib/em4_fpus\libc.a(lib_a-printf.o)